<html>
<body>
<pre>
<h1>µVision Build Log</h1>
<h2>Tool Versions:</h2>
IDE-Version: ¦ÌVision V5.14.0.0
Copyright (C) 2015 ARM Ltd and ARM Germany GmbH. All rights reserved.
License Information: JI HP, HP Inc., LIC=03C6R-KRTJX-45AT5-G9B0E-0TQ5C-0D3JL
 
Tool Versions:
Toolchain:       MDK-ARM Standard  Version: 5.14.0.0
Toolchain Path:  E:\java\KEIL\ARM\ARMCC\Bin
C Compiler:      Armcc.exe V5.05 update 1 (build 106)
Assembler:       Armasm.exe V5.05 update 1 (build 106)
Linker/Locator:  ArmLink.exe V5.05 update 1 (build 106)
Library Manager: ArmAr.exe V5.05 update 1 (build 106)
Hex Converter:   FromElf.exe V5.05 update 1 (build 106)
CPU DLL:         SARMCM3.DLL V5.14.0.0
Dialog DLL:      DCM.DLL V1.13.1.0
Target DLL:      STLink\ST-LINKIII-KEIL_SWO.dll V2.0.14.0_KEIL
Dialog DLL:      TCM.DLL V1.14.4.0
 
<h2>Project:</h2>
C:\Users\HP\Desktop\NL_SG90\1\MDK-ARM\1.uvprojx
Project File Date:  07/10/2023

<h2>Output:</h2>
Rebuild target '1'
assembling startup_stm32wb15xx_cm4.s...
compiling main.c...
compiling gpio.c...
compiling tim.c...
compiling usart.c...
compiling stm32wbxx_it.c...
compiling stm32wbxx_hal_msp.c...
compiling stm32wbxx_hal_tim.c...
compiling stm32wbxx_hal_tim_ex.c...
compiling stm32wbxx_hal_rcc.c...
compiling stm32wbxx_ll_rcc.c...
compiling stm32wbxx_hal_rcc_ex.c...
compiling stm32wbxx_hal_flash.c...
compiling stm32wbxx_hal_flash_ex.c...
compiling stm32wbxx_hal_gpio.c...
compiling stm32wbxx_hal_hsem.c...
compiling stm32wbxx_hal_dma.c...
compiling stm32wbxx_hal_dma_ex.c...
compiling stm32wbxx_hal_pwr.c...
compiling stm32wbxx_hal_pwr_ex.c...
compiling stm32wbxx_hal_cortex.c...
compiling stm32wbxx_hal.c...
compiling stm32wbxx_hal_exti.c...
compiling stm32wbxx_hal_uart.c...
compiling stm32wbxx_hal_uart_ex.c...
compiling system_stm32wbxx.c...
linking...
Program Size: Code=8620 RO-data=580 RW-data=16 ZI-data=1856  
FromELF: creating hex file...
"1\1.axf" - 0 Error(s), 0 Warning(s).

<h2>Software Packages used:</h2>

Package Vendor: ARM
                http://www.keil.com/pack/ARM.CMSIS.4.2.0.pack
                ARM::CMSIS:CORE:3.40.0
                CMSIS (Cortex Microcontroller Software Interface Standard)
   * Component: CORE Version: 3.40.0

<h2>Collection of Component include folders:</h2>
  C:\Users\HP\Desktop\NL_SG90\1\MDK-ARM\RTE
  E:\java\KEIL\ARM\PACK\ARM\CMSIS\4.2.0\CMSIS\Include
  E:\java\KEIL\ARM\PACK\Keil\STM32WBxx_DFP\1.3.0

<h2>Collection of Component Files used:</h2>

   * Component: ARM::CMSIS:CORE:3.40.0
      Source file:   CMSIS\UserCodeTemplates\ARM\ITM_Retarget.c
</pre>
</body>
</html>
