Component: ARM Compiler 5.05 update 1 (build 106) Tool: armlink [4d0efa]

==============================================================================

Section Cross References

    startup_stm32wb15xx_cm4.o(STACK) refers (Special) to heapauxi.o(.text) for __use_two_region_memory
    startup_stm32wb15xx_cm4.o(HEAP) refers (Special) to heapauxi.o(.text) for __use_two_region_memory
    startup_stm32wb15xx_cm4.o(RESET) refers (Special) to heapauxi.o(.text) for __use_two_region_memory
    startup_stm32wb15xx_cm4.o(RESET) refers to startup_stm32wb15xx_cm4.o(STACK) for __initial_sp
    startup_stm32wb15xx_cm4.o(RESET) refers to startup_stm32wb15xx_cm4.o(.text) for Reset_Handler
    startup_stm32wb15xx_cm4.o(RESET) refers to stm32wbxx_it.o(i.NMI_Handler) for NMI_Handler
    startup_stm32wb15xx_cm4.o(RESET) refers to stm32wbxx_it.o(i.HardFault_Handler) for HardFault_Handler
    startup_stm32wb15xx_cm4.o(RESET) refers to stm32wbxx_it.o(i.MemManage_Handler) for MemManage_Handler
    startup_stm32wb15xx_cm4.o(RESET) refers to stm32wbxx_it.o(i.BusFault_Handler) for BusFault_Handler
    startup_stm32wb15xx_cm4.o(RESET) refers to stm32wbxx_it.o(i.UsageFault_Handler) for UsageFault_Handler
    startup_stm32wb15xx_cm4.o(RESET) refers to stm32wbxx_it.o(i.SVC_Handler) for SVC_Handler
    startup_stm32wb15xx_cm4.o(RESET) refers to stm32wbxx_it.o(i.DebugMon_Handler) for DebugMon_Handler
    startup_stm32wb15xx_cm4.o(RESET) refers to stm32wbxx_it.o(i.PendSV_Handler) for PendSV_Handler
    startup_stm32wb15xx_cm4.o(RESET) refers to stm32wbxx_it.o(i.SysTick_Handler) for SysTick_Handler
    startup_stm32wb15xx_cm4.o(.text) refers (Special) to heapauxi.o(.text) for __use_two_region_memory
    startup_stm32wb15xx_cm4.o(.text) refers to system_stm32wbxx.o(i.SystemInit) for SystemInit
    startup_stm32wb15xx_cm4.o(.text) refers to __main.o(!!!main) for __main
    startup_stm32wb15xx_cm4.o(.text) refers to startup_stm32wb15xx_cm4.o(HEAP) for Heap_Mem
    startup_stm32wb15xx_cm4.o(.text) refers to startup_stm32wb15xx_cm4.o(STACK) for Stack_Mem
    main.o(i.PeriphCommonClock_Config) refers to rt_memclr_w.o(.text) for __aeabi_memclr4
    main.o(i.PeriphCommonClock_Config) refers to stm32wbxx_hal_rcc_ex.o(i.HAL_RCCEx_PeriphCLKConfig) for HAL_RCCEx_PeriphCLKConfig
    main.o(i.SystemClock_Config) refers to rt_memclr_w.o(.text) for __aeabi_memclr4
    main.o(i.SystemClock_Config) refers to stm32wbxx_hal_pwr.o(i.HAL_PWR_EnableBkUpAccess) for HAL_PWR_EnableBkUpAccess
    main.o(i.SystemClock_Config) refers to stm32wbxx_hal_rcc.o(i.HAL_RCC_OscConfig) for HAL_RCC_OscConfig
    main.o(i.SystemClock_Config) refers to stm32wbxx_hal_rcc.o(i.HAL_RCC_ClockConfig) for HAL_RCC_ClockConfig
    main.o(i.SystemClock_Config) refers to stm32wbxx_hal_rcc_ex.o(i.HAL_RCCEx_EnableMSIPLLMode) for HAL_RCCEx_EnableMSIPLLMode
    main.o(i.main) refers to stm32wbxx_hal.o(i.HAL_Init) for HAL_Init
    main.o(i.main) refers to main.o(i.SystemClock_Config) for SystemClock_Config
    main.o(i.main) refers to main.o(i.PeriphCommonClock_Config) for PeriphCommonClock_Config
    main.o(i.main) refers to gpio.o(i.MX_GPIO_Init) for MX_GPIO_Init
    main.o(i.main) refers to tim.o(i.MX_TIM2_Init) for MX_TIM2_Init
    main.o(i.main) refers to usart.o(i.MX_USART1_UART_Init) for MX_USART1_UART_Init
    main.o(i.main) refers to stm32wbxx_hal_tim.o(i.HAL_TIM_PWM_Start) for HAL_TIM_PWM_Start
    main.o(i.main) refers to stm32wbxx_hal.o(i.HAL_Delay) for HAL_Delay
    main.o(i.main) refers to tim.o(.bss) for htim2
    gpio.o(i.MX_GPIO_Init) refers to rt_memclr_w.o(.text) for __aeabi_memclr4
    gpio.o(i.MX_GPIO_Init) refers to gpio.o(i.LL_AHB2_GRP1_EnableClock) for LL_AHB2_GRP1_EnableClock
    gpio.o(i.MX_GPIO_Init) refers to stm32wbxx_hal_gpio.o(i.HAL_GPIO_WritePin) for HAL_GPIO_WritePin
    gpio.o(i.MX_GPIO_Init) refers to stm32wbxx_hal_gpio.o(i.HAL_GPIO_Init) for HAL_GPIO_Init
    tim.o(i.HAL_TIM_MspPostInit) refers to rt_memclr_w.o(.text) for __aeabi_memclr4
    tim.o(i.HAL_TIM_MspPostInit) refers to stm32wbxx_hal_gpio.o(i.HAL_GPIO_Init) for HAL_GPIO_Init
    tim.o(i.MX_TIM2_Init) refers to rt_memclr_w.o(.text) for __aeabi_memclr4
    tim.o(i.MX_TIM2_Init) refers to stm32wbxx_hal_tim.o(i.HAL_TIM_Base_Init) for HAL_TIM_Base_Init
    tim.o(i.MX_TIM2_Init) refers to main.o(i.Error_Handler) for Error_Handler
    tim.o(i.MX_TIM2_Init) refers to stm32wbxx_hal_tim.o(i.HAL_TIM_ConfigClockSource) for HAL_TIM_ConfigClockSource
    tim.o(i.MX_TIM2_Init) refers to stm32wbxx_hal_tim.o(i.HAL_TIM_PWM_Init) for HAL_TIM_PWM_Init
    tim.o(i.MX_TIM2_Init) refers to stm32wbxx_hal_tim_ex.o(i.HAL_TIMEx_MasterConfigSynchronization) for HAL_TIMEx_MasterConfigSynchronization
    tim.o(i.MX_TIM2_Init) refers to stm32wbxx_hal_tim.o(i.HAL_TIM_PWM_ConfigChannel) for HAL_TIM_PWM_ConfigChannel
    tim.o(i.MX_TIM2_Init) refers to tim.o(i.HAL_TIM_MspPostInit) for HAL_TIM_MspPostInit
    tim.o(i.MX_TIM2_Init) refers to tim.o(.bss) for .bss
[...]
    Removing stm32wbxx_hal_dma.o(i.HAL_DMA_RegisterCallback), (74 bytes).
    Removing stm32wbxx_hal_dma.o(i.HAL_DMA_Start), (80 bytes).
    Removing stm32wbxx_hal_dma.o(i.HAL_DMA_Start_IT), (140 bytes).
    Removing stm32wbxx_hal_dma.o(i.HAL_DMA_UnRegisterCallback), (82 bytes).
    Removing stm32wbxx_hal_dma_ex.o(.rev16_text), (4 bytes).
    Removing stm32wbxx_hal_dma_ex.o(.revsh_text), (4 bytes).
    Removing stm32wbxx_hal_dma_ex.o(.rrx_text), (6 bytes).
    Removing stm32wbxx_hal_dma_ex.o(i.HAL_DMAEx_ConfigMuxRequestGenerator), (68 bytes).
    Removing stm32wbxx_hal_dma_ex.o(i.HAL_DMAEx_ConfigMuxSync), (88 bytes).
    Removing stm32wbxx_hal_dma_ex.o(i.HAL_DMAEx_DisableMuxRequestGenerator), (26 bytes).
    Removing stm32wbxx_hal_dma_ex.o(i.HAL_DMAEx_EnableMuxRequestGenerator), (26 bytes).
    Removing stm32wbxx_hal_dma_ex.o(i.HAL_DMAEx_MUX_IRQHandler), (100 bytes).
    Removing stm32wbxx_hal_pwr.o(.rev16_text), (4 bytes).
    Removing stm32wbxx_hal_pwr.o(.revsh_text), (4 bytes).
    Removing stm32wbxx_hal_pwr.o(.rrx_text), (6 bytes).
    Removing stm32wbxx_hal_pwr.o(i.HAL_PWR_ConfigPVD), (116 bytes).
    Removing stm32wbxx_hal_pwr.o(i.HAL_PWR_DeInit), (116 bytes).
    Removing stm32wbxx_hal_pwr.o(i.HAL_PWR_DisableBkUpAccess), (16 bytes).
    Removing stm32wbxx_hal_pwr.o(i.HAL_PWR_DisablePVD), (16 bytes).
    Removing stm32wbxx_hal_pwr.o(i.HAL_PWR_DisableSEVOnPend), (16 bytes).
    Removing stm32wbxx_hal_pwr.o(i.HAL_PWR_DisableSleepOnExit), (16 bytes).
    Removing stm32wbxx_hal_pwr.o(i.HAL_PWR_DisableWakeUpPin), (20 bytes).
    Removing stm32wbxx_hal_pwr.o(i.HAL_PWR_EnablePVD), (16 bytes).
    Removing stm32wbxx_hal_pwr.o(i.HAL_PWR_EnableSEVOnPend), (16 bytes).
    Removing stm32wbxx_hal_pwr.o(i.HAL_PWR_EnableSleepOnExit), (16 bytes).
    Removing stm32wbxx_hal_pwr.o(i.HAL_PWR_EnableWakeUpPin), (32 bytes).
    Removing stm32wbxx_hal_pwr.o(i.HAL_PWR_EnterSLEEPMode), (72 bytes).
    Removing stm32wbxx_hal_pwr.o(i.HAL_PWR_EnterSTANDBYMode), (44 bytes).
    Removing stm32wbxx_hal_pwr.o(i.HAL_PWR_EnterSTOPMode), (16 bytes).
    Removing stm32wbxx_hal_pwr.o(i.HAL_PWR_PVDCallback), (2 bytes).
    Removing stm32wbxx_hal_pwr_ex.o(.rev16_text), (4 bytes).
    Removing stm32wbxx_hal_pwr_ex.o(.revsh_text), (4 bytes).
    Removing stm32wbxx_hal_pwr_ex.o(.rrx_text), (6 bytes).
    Removing stm32wbxx_hal_pwr_ex.o(i.HAL_PWREx_ClearWakeupFlag), (36 bytes).
    Removing stm32wbxx_hal_pwr_ex.o(i.HAL_PWREx_ConfigPVM), (120 bytes).
    Removing stm32wbxx_hal_pwr_ex.o(i.HAL_PWREx_ConfigSMPS), (80 bytes).
    Removing stm32wbxx_hal_pwr_ex.o(i.HAL_PWREx_DisableBLEActivityIT), (16 bytes).
    Removing stm32wbxx_hal_pwr_ex.o(i.HAL_PWREx_DisableBORH_SMPSBypassIT), (16 bytes).
    Removing stm32wbxx_hal_pwr_ex.o(i.HAL_PWREx_DisableBatteryCharging), (16 bytes).
    Removing stm32wbxx_hal_pwr_ex.o(i.HAL_PWREx_DisableFlashPowerDown), (16 bytes).
    Removing stm32wbxx_hal_pwr_ex.o(i.HAL_PWREx_DisableGPIOPullDown), (76 bytes).
    Removing stm32wbxx_hal_pwr_ex.o(i.HAL_PWREx_DisableGPIOPullUp), (76 bytes).
    Removing stm32wbxx_hal_pwr_ex.o(i.HAL_PWREx_DisableHOLDC2IT), (16 bytes).
    Removing stm32wbxx_hal_pwr_ex.o(i.HAL_PWREx_DisableInternalWakeUpLine), (16 bytes).
    Removing stm32wbxx_hal_pwr_ex.o(i.HAL_PWREx_DisableLowPowerRunMode), (68 bytes).
    Removing stm32wbxx_hal_pwr_ex.o(i.HAL_PWREx_DisablePVM3), (16 bytes).
    Removing stm32wbxx_hal_pwr_ex.o(i.HAL_PWREx_DisablePullUpPullDownConfig), (16 bytes).
    Removing stm32wbxx_hal_pwr_ex.o(i.HAL_PWREx_DisableRFPhaseIT), (16 bytes).
    Removing stm32wbxx_hal_pwr_ex.o(i.HAL_PWREx_DisableSRAMRetention), (16 bytes).
    Removing stm32wbxx_hal_pwr_ex.o(i.HAL_PWREx_EnableBLEActivityIT), (16 bytes).
    Removing stm32wbxx_hal_pwr_ex.o(i.HAL_PWREx_EnableBORH_SMPSBypassIT), (16 bytes).
    Removing stm32wbxx_hal_pwr_ex.o(i.HAL_PWREx_EnableBatteryCharging), (28 bytes).
    Removing stm32wbxx_hal_pwr_ex.o(i.HAL_PWREx_EnableFlashPowerDown), (24 bytes).
    Removing stm32wbxx_hal_pwr_ex.o(i.HAL_PWREx_EnableGPIOPullDown), (112 bytes).
    Removing stm32wbxx_hal_pwr_ex.o(i.HAL_PWREx_EnableGPIOPullUp), (112 bytes).
    Removing stm32wbxx_hal_pwr_ex.o(i.HAL_PWREx_EnableHOLDC2IT), (16 bytes).
    Removing stm32wbxx_hal_pwr_ex.o(i.HAL_PWREx_EnableInternalWakeUpLine), (16 bytes).
    Removing stm32wbxx_hal_pwr_ex.o(i.HAL_PWREx_EnableLowPowerRunMode), (16 bytes).
    Removing stm32wbxx_hal_pwr_ex.o(i.HAL_PWREx_EnablePVM3), (16 bytes).
    Removing stm32wbxx_hal_pwr_ex.o(i.HAL_PWREx_EnablePullUpPullDownConfig), (16 bytes).
    Removing stm32wbxx_hal_pwr_ex.o(i.HAL_PWREx_EnableRFPhaseIT), (16 bytes).
    Removing stm32wbxx_hal_pwr_ex.o(i.HAL_PWREx_EnableSRAMRetention), (16 bytes).
    Removing stm32wbxx_hal_pwr_ex.o(i.HAL_PWREx_EnableWakeUpPin), (44 bytes).
    Removing stm32wbxx_hal_pwr_ex.o(i.HAL_PWREx_EnterSHUTDOWNMode), (44 bytes).
    Removing stm32wbxx_hal_pwr_ex.o(i.HAL_PWREx_EnterSTOP0Mode), (52 bytes).
    Removing stm32wbxx_hal_pwr_ex.o(i.HAL_PWREx_EnterSTOP1Mode), (56 bytes).
    Removing stm32wbxx_hal_pwr_ex.o(i.HAL_PWREx_GetBORConfig), (16 bytes).
    Removing stm32wbxx_hal_pwr_ex.o(i.HAL_PWREx_GetWakeupFlag), (20 bytes).
    Removing stm32wbxx_hal_pwr_ex.o(i.HAL_PWREx_HoldCore), (16 bytes).
    Removing stm32wbxx_hal_pwr_ex.o(i.HAL_PWREx_PVD_PVM_IRQHandler), (48 bytes).
    Removing stm32wbxx_hal_pwr_ex.o(i.HAL_PWREx_PVM3Callback), (2 bytes).
    Removing stm32wbxx_hal_pwr_ex.o(i.HAL_PWREx_ReleaseCore), (16 bytes).
    Removing stm32wbxx_hal_pwr_ex.o(i.HAL_PWREx_SMPS_GetEffectiveMode), (16 bytes).
    Removing stm32wbxx_hal_pwr_ex.o(i.HAL_PWREx_SMPS_SetMode), (24 bytes).
    Removing stm32wbxx_hal_pwr_ex.o(i.HAL_PWREx_SetBORConfig), (20 bytes).
    Removing stm32wbxx_hal_cortex.o(.rev16_text), (4 bytes).
    Removing stm32wbxx_hal_cortex.o(.revsh_text), (4 bytes).
    Removing stm32wbxx_hal_cortex.o(.rrx_text), (6 bytes).
    Removing stm32wbxx_hal_cortex.o(i.HAL_MPU_ConfigRegion), (84 bytes).
    Removing stm32wbxx_hal_cortex.o(i.HAL_MPU_Disable), (28 bytes).
    Removing stm32wbxx_hal_cortex.o(i.HAL_MPU_Enable), (36 bytes).
    Removing stm32wbxx_hal_cortex.o(i.HAL_NVIC_ClearPendingIRQ), (26 bytes).
    Removing stm32wbxx_hal_cortex.o(i.HAL_NVIC_DisableIRQ), (34 bytes).
    Removing stm32wbxx_hal_cortex.o(i.HAL_NVIC_EnableIRQ), (26 bytes).
    Removing stm32wbxx_hal_cortex.o(i.HAL_NVIC_GetPendingIRQ), (36 bytes).
    Removing stm32wbxx_hal_cortex.o(i.HAL_NVIC_GetPriority), (82 bytes).
    Removing stm32wbxx_hal_cortex.o(i.HAL_NVIC_GetPriorityGrouping), (16 bytes).
    Removing stm32wbxx_hal_cortex.o(i.HAL_NVIC_SetPendingIRQ), (26 bytes).
    Removing stm32wbxx_hal_cortex.o(i.HAL_NVIC_SystemReset), (36 bytes).
    Removing stm32wbxx_hal_cortex.o(i.HAL_SYSTICK_CLKSourceConfig), (24 bytes).
    Removing stm32wbxx_hal_cortex.o(i.HAL_SYSTICK_Callback), (2 bytes).
    Removing stm32wbxx_hal_cortex.o(i.HAL_SYSTICK_IRQHandler), (8 bytes).
    Removing stm32wbxx_hal.o(.rev16_text), (4 bytes).
    Removing stm32wbxx_hal.o(.revsh_text), (4 bytes).
    Removing stm32wbxx_hal.o(.rrx_text), (6 bytes).
    Removing stm32wbxx_hal.o(i.HAL_DBGMCU_DisableDBGSleepMode), (16 bytes).
    Removing stm32wbxx_hal.o(i.HAL_DBGMCU_DisableDBGStandbyMode), (16 bytes).
    Removing stm32wbxx_hal.o(i.HAL_DBGMCU_DisableDBGStopMode), (16 bytes).
    Removing stm32wbxx_hal.o(i.HAL_DBGMCU_EnableDBGSleepMode), (16 bytes).
    Removing stm32wbxx_hal.o(i.HAL_DBGMCU_EnableDBGStandbyMode), (16 bytes).
    Removing stm32wbxx_hal.o(i.HAL_DBGMCU_EnableDBGStopMode), (16 bytes).
    Removing stm32wbxx_hal.o(i.HAL_DeInit), (76 bytes).
    Removing stm32wbxx_hal.o(i.HAL_GetDEVID), (16 bytes).
    Removing stm32wbxx_hal.o(i.HAL_GetHalVersion), (8 bytes).
    Removing stm32wbxx_hal.o(i.HAL_GetREVID), (12 bytes).
    Removing stm32wbxx_hal.o(i.HAL_GetTickFreq), (12 bytes).
    Removing stm32wbxx_hal.o(i.HAL_GetUIDw0), (12 bytes).
    Removing stm32wbxx_hal.o(i.HAL_GetUIDw1), (12 bytes).
    Removing stm32wbxx_hal.o(i.HAL_GetUIDw2), (12 bytes).
    Removing stm32wbxx_hal.o(i.HAL_MspDeInit), (2 bytes).
    Removing stm32wbxx_hal.o(i.HAL_MspInit), (2 bytes).
    Removing stm32wbxx_hal.o(i.HAL_ResumeTick), (14 bytes).
    Removing stm32wbxx_hal.o(i.HAL_SYSCFG_DisableIOBooster), (16 bytes).
    Removing stm32wbxx_hal.o(i.HAL_SYSCFG_DisableSRAMFetch), (16 bytes).
    Removing stm32wbxx_hal.o(i.HAL_SYSCFG_DisableSecurityAccess), (20 bytes).
    Removing stm32wbxx_hal.o(i.HAL_SYSCFG_EnableIOBooster), (16 bytes).
    Removing stm32wbxx_hal.o(i.HAL_SYSCFG_EnableSecurityAccess), (20 bytes).
    Removing stm32wbxx_hal.o(i.HAL_SYSCFG_IsEnabledSRAMFetch), (16 bytes).
    Removing stm32wbxx_hal.o(i.HAL_SYSCFG_IsEnabledSecurityAccess), (24 bytes).
    Removing stm32wbxx_hal.o(i.HAL_SYSCFG_SRAM2Erase), (24 bytes).
    Removing stm32wbxx_hal.o(i.HAL_SetTickFreq), (36 bytes).
    Removing stm32wbxx_hal.o(i.HAL_SuspendTick), (14 bytes).
    Removing stm32wbxx_hal_exti.o(.rev16_text), (4 bytes).
    Removing stm32wbxx_hal_exti.o(.revsh_text), (4 bytes).
    Removing stm32wbxx_hal_exti.o(.rrx_text), (6 bytes).
    Removing stm32wbxx_hal_exti.o(i.HAL_EXTI_ClearConfigLine), (128 bytes).
    Removing stm32wbxx_hal_exti.o(i.HAL_EXTI_ClearPending), (28 bytes).
    Removing stm32wbxx_hal_exti.o(i.HAL_EXTI_GenerateSWI), (28 bytes).
    Removing stm32wbxx_hal_exti.o(i.HAL_EXTI_GetConfigLine), (160 bytes).
    Removing stm32wbxx_hal_exti.o(i.HAL_EXTI_GetHandle), (12 bytes).
    Removing stm32wbxx_hal_exti.o(i.HAL_EXTI_GetPending), (32 bytes).
    Removing stm32wbxx_hal_exti.o(i.HAL_EXTI_IRQHandler), (44 bytes).
    Removing stm32wbxx_hal_exti.o(i.HAL_EXTI_RegisterCallback), (14 bytes).
    Removing stm32wbxx_hal_exti.o(i.HAL_EXTI_SetConfigLine), (176 bytes).
    Removing stm32wbxx_hal_uart.o(.rev16_text), (4 bytes).
    Removing stm32wbxx_hal_uart.o(.revsh_text), (4 bytes).
    Removing stm32wbxx_hal_uart.o(.rrx_text), (6 bytes).
    Removing stm32wbxx_hal_uart.o(i.HAL_HalfDuplex_EnableReceiver), (76 bytes).
    Removing stm32wbxx_hal_uart.o(i.HAL_HalfDuplex_EnableTransmitter), (76 bytes).
    Removing stm32wbxx_hal_uart.o(i.HAL_HalfDuplex_Init), (116 bytes).
    Removing stm32wbxx_hal_uart.o(i.HAL_LIN_Init), (140 bytes).
    Removing stm32wbxx_hal_uart.o(i.HAL_LIN_SendBreak), (46 bytes).
    Removing stm32wbxx_hal_uart.o(i.HAL_MultiProcessor_DisableMuteMode), (52 bytes).
    Removing stm32wbxx_hal_uart.o(i.HAL_MultiProcessor_EnableMuteMode), (52 bytes).
    Removing stm32wbxx_hal_uart.o(i.HAL_MultiProcessor_EnterMuteMode), (12 bytes).
    Removing stm32wbxx_hal_uart.o(i.HAL_MultiProcessor_Init), (138 bytes).
    Removing stm32wbxx_hal_uart.o(i.HAL_UARTEx_RxEventCallback), (2 bytes).
    Removing stm32wbxx_hal_uart.o(i.HAL_UART_Abort), (260 bytes).
    Removing stm32wbxx_hal_uart.o(i.HAL_UART_AbortCpltCallback), (2 bytes).
    Removing stm32wbxx_hal_uart.o(i.HAL_UART_AbortReceive), (176 bytes).
    Removing stm32wbxx_hal_uart.o(i.HAL_UART_AbortReceiveCpltCallback), (2 bytes).
    Removing stm32wbxx_hal_uart.o(i.HAL_UART_AbortReceive_IT), (192 bytes).
    Removing stm32wbxx_hal_uart.o(i.HAL_UART_AbortTransmit), (140 bytes).
    Removing stm32wbxx_hal_uart.o(i.HAL_UART_AbortTransmitCpltCallback), (2 bytes).
    Removing stm32wbxx_hal_uart.o(i.HAL_UART_AbortTransmit_IT), (148 bytes).
    Removing stm32wbxx_hal_uart.o(i.HAL_UART_Abort_IT), (292 bytes).
    Removing stm32wbxx_hal_uart.o(i.HAL_UART_DMAPause), (116 bytes).
    Removing stm32wbxx_hal_uart.o(i.HAL_UART_DMAResume), (108 bytes).
    Removing stm32wbxx_hal_uart.o(i.HAL_UART_DMAStop), (148 bytes).
    Removing stm32wbxx_hal_uart.o(i.HAL_UART_DeInit), (70 bytes).
    Removing stm32wbxx_hal_uart.o(i.HAL_UART_DisableReceiverTimeout), (68 bytes).
    Removing stm32wbxx_hal_uart.o(i.HAL_UART_EnableReceiverTimeout), (68 bytes).
    Removing stm32wbxx_hal_uart.o(i.HAL_UART_ErrorCallback), (2 bytes).
    Removing stm32wbxx_hal_uart.o(i.HAL_UART_GetError), (6 bytes).
    Removing stm32wbxx_hal_uart.o(i.HAL_UART_GetState), (12 bytes).
    Removing stm32wbxx_hal_uart.o(i.HAL_UART_IRQHandler), (780 bytes).
    Removing stm32wbxx_hal_uart.o(i.HAL_UART_MspDeInit), (2 bytes).
    Removing stm32wbxx_hal_uart.o(i.HAL_UART_MspInit), (2 bytes).
    Removing stm32wbxx_hal_uart.o(i.HAL_UART_Receive), (232 bytes).
    Removing stm32wbxx_hal_uart.o(i.HAL_UART_Receive_DMA), (72 bytes).
    Removing stm32wbxx_hal_uart.o(i.HAL_UART_Receive_IT), (72 bytes).
    Removing stm32wbxx_hal_uart.o(i.HAL_UART_ReceiverTimeout_Config), (24 bytes).
    Removing stm32wbxx_hal_uart.o(i.HAL_UART_RxCpltCallback), (2 bytes).
    Removing stm32wbxx_hal_uart.o(i.HAL_UART_RxHalfCpltCallback), (2 bytes).
    Removing stm32wbxx_hal_uart.o(i.HAL_UART_Transmit), (174 bytes).
    Removing stm32wbxx_hal_uart.o(i.HAL_UART_Transmit_DMA), (144 bytes).
    Removing stm32wbxx_hal_uart.o(i.HAL_UART_Transmit_IT), (152 bytes).
    Removing stm32wbxx_hal_uart.o(i.HAL_UART_TxCpltCallback), (2 bytes).
    Removing stm32wbxx_hal_uart.o(i.HAL_UART_TxHalfCpltCallback), (2 bytes).
    Removing stm32wbxx_hal_uart.o(i.UART_DMAAbortOnError), (20 bytes).
    Removing stm32wbxx_hal_uart.o(i.UART_DMAError), (80 bytes).
    Removing stm32wbxx_hal_uart.o(i.UART_DMAReceiveCplt), (134 bytes).
    Removing stm32wbxx_hal_uart.o(i.UART_DMARxAbortCallback), (68 bytes).
    Removing stm32wbxx_hal_uart.o(i.UART_DMARxHalfCplt), (32 bytes).
    Removing stm32wbxx_hal_uart.o(i.UART_DMARxOnlyAbortCallback), (40 bytes).
    Removing stm32wbxx_hal_uart.o(i.UART_DMATransmitCplt), (66 bytes).
    Removing stm32wbxx_hal_uart.o(i.UART_DMATxAbortCallback), (76 bytes).
    Removing stm32wbxx_hal_uart.o(i.UART_DMATxHalfCplt), (10 bytes).
    Removing stm32wbxx_hal_uart.o(i.UART_DMATxOnlyAbortCallback), (40 bytes).
    Removing stm32wbxx_hal_uart.o(i.UART_EndTxTransfer), (46 bytes).
    Removing stm32wbxx_hal_uart.o(i.UART_RxISR_16BIT), (200 bytes).
    Removing stm32wbxx_hal_uart.o(i.UART_RxISR_16BIT_FIFOEN), (416 bytes).
    Removing stm32wbxx_hal_uart.o(i.UART_RxISR_8BIT), (200 bytes).
    Removing stm32wbxx_hal_uart.o(i.UART_RxISR_8BIT_FIFOEN), (416 bytes).
    Removing stm32wbxx_hal_uart.o(i.UART_Start_Receive_DMA), (168 bytes).
    Removing stm32wbxx_hal_uart.o(i.UART_Start_Receive_IT), (272 bytes).
    Removing stm32wbxx_hal_uart.o(i.UART_TxISR_16BIT), (82 bytes).
    Removing stm32wbxx_hal_uart.o(i.UART_TxISR_16BIT_FIFOEN), (106 bytes).
    Removing stm32wbxx_hal_uart.o(i.UART_TxISR_8BIT), (78 bytes).
    Removing stm32wbxx_hal_uart.o(i.UART_TxISR_8BIT_FIFOEN), (102 bytes).
    Removing stm32wbxx_hal_uart_ex.o(.rev16_text), (4 bytes).
    Removing stm32wbxx_hal_uart_ex.o(.revsh_text), (4 bytes).
    Removing stm32wbxx_hal_uart_ex.o(.rrx_text), (6 bytes).
    Removing stm32wbxx_hal_uart_ex.o(i.HAL_MultiProcessorEx_AddressLength_Set), (48 bytes).
    Removing stm32wbxx_hal_uart_ex.o(i.HAL_RS485Ex_Init), (140 bytes).
    Removing stm32wbxx_hal_uart_ex.o(i.HAL_UARTEx_DisableStopMode), (46 bytes).
    Removing stm32wbxx_hal_uart_ex.o(i.HAL_UARTEx_EnableFifoMode), (74 bytes).
    Removing stm32wbxx_hal_uart_ex.o(i.HAL_UARTEx_EnableStopMode), (46 bytes).
    Removing stm32wbxx_hal_uart_ex.o(i.HAL_UARTEx_GetRxEventType), (4 bytes).
    Removing stm32wbxx_hal_uart_ex.o(i.HAL_UARTEx_ReceiveToIdle), (296 bytes).
    Removing stm32wbxx_hal_uart_ex.o(i.HAL_UARTEx_ReceiveToIdle_DMA), (74 bytes).
    Removing stm32wbxx_hal_uart_ex.o(i.HAL_UARTEx_ReceiveToIdle_IT), (74 bytes).
    Removing stm32wbxx_hal_uart_ex.o(i.HAL_UARTEx_RxFifoFullCallback), (2 bytes).
    Removing stm32wbxx_hal_uart_ex.o(i.HAL_UARTEx_StopModeWakeUpSourceConfig), (138 bytes).
    Removing stm32wbxx_hal_uart_ex.o(i.HAL_UARTEx_TxFifoEmptyCallback), (2 bytes).
    Removing stm32wbxx_hal_uart_ex.o(i.HAL_UARTEx_WakeupCallback), (2 bytes).
    Removing system_stm32wbxx.o(.rev16_text), (4 bytes).
    Removing system_stm32wbxx.o(.revsh_text), (4 bytes).
    Removing system_stm32wbxx.o(.rrx_text), (6 bytes).
    Removing system_stm32wbxx.o(i.SystemCoreClockUpdate), (156 bytes).
    Removing system_stm32wbxx.o(.constdata), (96 bytes).

499 unused section(s) (total 33690 bytes) removed from the image.

==============================================================================

Image Symbol Table

    Local Symbols

    Symbol Name                              Value     Ov Type        Size  Object(Section)

    ../Core/Src/gpio.c                       0x00000000   Number         0  gpio.o ABSOLUTE
    ../Core/Src/main.c                       0x00000000   Number         0  main.o ABSOLUTE
    ../Core/Src/stm32wbxx_hal_msp.c          0x00000000   Number         0  stm32wbxx_hal_msp.o ABSOLUTE
    ../Core/Src/stm32wbxx_it.c               0x00000000   Number         0  stm32wbxx_it.o ABSOLUTE
    ../Core/Src/system_stm32wbxx.c           0x00000000   Number         0  system_stm32wbxx.o ABSOLUTE
    ../Core/Src/tim.c                        0x00000000   Number         0  tim.o ABSOLUTE
    ../Core/Src/usart.c                      0x00000000   Number         0  usart.o ABSOLUTE
    ../Drivers/STM32WBxx_HAL_Driver/Src/stm32wbxx_hal.c 0x00000000   Number         0  stm32wbxx_hal.o ABSOLUTE
    ../Drivers/STM32WBxx_HAL_Driver/Src/stm32wbxx_hal_cortex.c 0x00000000   Number         0  stm32wbxx_hal_cortex.o ABSOLUTE
    ../Drivers/STM32WBxx_HAL_Driver/Src/stm32wbxx_hal_dma.c 0x00000000   Number         0  stm32wbxx_hal_dma.o ABSOLUTE
    ../Drivers/STM32WBxx_HAL_Driver/Src/stm32wbxx_hal_dma_ex.c 0x00000000   Number         0  stm32wbxx_hal_dma_ex.o ABSOLUTE
    ../Drivers/STM32WBxx_HAL_Driver/Src/stm32wbxx_hal_exti.c 0x00000000   Number         0  stm32wbxx_hal_exti.o ABSOLUTE
    ../Drivers/STM32WBxx_HAL_Driver/Src/stm32wbxx_hal_flash.c 0x00000000   Number         0  stm32wbxx_hal_flash.o ABSOLUTE
    ../Drivers/STM32WBxx_HAL_Driver/Src/stm32wbxx_hal_flash_ex.c 0x00000000   Number         0  stm32wbxx_hal_flash_ex.o ABSOLUTE
    ../Drivers/STM32WBxx_HAL_Driver/Src/stm32wbxx_hal_gpio.c 0x00000000   Number         0  stm32wbxx_hal_gpio.o ABSOLUTE
    ../Drivers/STM32WBxx_HAL_Driver/Src/stm32wbxx_hal_hsem.c 0x00000000   Number         0  stm32wbxx_hal_hsem.o ABSOLUTE
    ../Drivers/STM32WBxx_HAL_Driver/Src/stm32wbxx_hal_pwr.c 0x00000000   Number         0  stm32wbxx_hal_pwr.o ABSOLUTE
    ../Drivers/STM32WBxx_HAL_Driver/Src/stm32wbxx_hal_pwr_ex.c 0x00000000   Number         0  stm32wbxx_hal_pwr_ex.o ABSOLUTE
    ../Drivers/STM32WBxx_HAL_Driver/Src/stm32wbxx_hal_rcc.c 0x00000000   Number         0  stm32wbxx_hal_rcc.o ABSOLUTE
    ../Drivers/STM32WBxx_HAL_Driver/Src/stm32wbxx_hal_rcc_ex.c 0x00000000   Number         0  stm32wbxx_hal_rcc_ex.o ABSOLUTE
    ../Drivers/STM32WBxx_HAL_Driver/Src/stm32wbxx_hal_tim.c 0x00000000   Number         0  stm32wbxx_hal_tim.o ABSOLUTE
    ../Drivers/STM32WBxx_HAL_Driver/Src/stm32wbxx_hal_tim_ex.c 0x00000000   Number         0  stm32wbxx_hal_tim_ex.o ABSOLUTE
    ../Drivers/STM32WBxx_HAL_Driver/Src/stm32wbxx_hal_uart.c 0x00000000   Number         0  stm32wbxx_hal_uart.o ABSOLUTE
    ../Drivers/STM32WBxx_HAL_Driver/Src/stm32wbxx_hal_uart_ex.c 0x00000000   Number         0  stm32wbxx_hal_uart_ex.o ABSOLUTE
    ../Drivers/STM32WBxx_HAL_Driver/Src/stm32wbxx_ll_rcc.c 0x00000000   Number         0  stm32wbxx_ll_rcc.o ABSOLUTE
    ../clib/angel/boardlib.s                 0x00000000   Number         0  boardshut.o ABSOLUTE
    ../clib/angel/boardlib.s                 0x00000000   Number         0  boardinit3.o ABSOLUTE
    ../clib/angel/boardlib.s                 0x00000000   Number         0  boardinit2.o ABSOLUTE
    ../clib/angel/boardlib.s                 0x00000000   Number         0  boardinit1.o ABSOLUTE
    ../clib/angel/handlers.s                 0x00000000   Number         0  __scatter_zi.o ABSOLUTE
    ../clib/angel/handlers.s                 0x00000000   Number         0  __scatter_copy.o ABSOLUTE
    ../clib/angel/kernel.s                   0x00000000   Number         0  __rtentry.o ABSOLUTE
    ../clib/angel/kernel.s                   0x00000000   Number         0  rtexit2.o ABSOLUTE
    ../clib/angel/kernel.s                   0x00000000   Number         0  rtexit.o ABSOLUTE
    ../clib/angel/kernel.s                   0x00000000   Number         0  __rtentry2.o ABSOLUTE
    ../clib/angel/kernel.s                   0x00000000   Number         0  __rtentry4.o ABSOLUTE
    ../clib/angel/rt.s                       0x00000000   Number         0  aeabi_ldiv0.o ABSOLUTE
    ../clib/angel/rt.s                       0x00000000   Number         0  rt_raise.o ABSOLUTE
    ../clib/angel/rt.s                       0x00000000   Number         0  aeabi_ldiv0_sigfpe.o ABSOLUTE
    ../clib/angel/rt.s                       0x00000000   Number         0  rt_div0.o ABSOLUTE
    ../clib/angel/scatter.s                  0x00000000   Number         0  __scatter.o ABSOLUTE
    ../clib/angel/startup.s                  0x00000000   Number         0  __main.o ABSOLUTE
    ../clib/angel/sys.s                      0x00000000   Number         0  indicate_semi.o ABSOLUTE
    ../clib/angel/sys.s                      0x00000000   Number         0  sys_stackheap_outer.o ABSOLUTE
    ../clib/angel/sys.s                      0x00000000   Number         0  use_no_semi.o ABSOLUTE
    ../clib/angel/sys.s                      0x00000000   Number         0  libspace.o ABSOLUTE
    ../clib/angel/sysapp.c                   0x00000000   Number         0  sys_exit.o ABSOLUTE
    ../clib/angel/sysapp.c                   0x00000000   Number         0  sys_command.o ABSOLUTE
    ../clib/angel/sysapp.c                   0x00000000   Number         0  sys_wrch.o ABSOLUTE
    ../clib/armsys.c                         0x00000000   Number         0  argv_veneer.o ABSOLUTE
    ../clib/armsys.c                         0x00000000   Number         0  argv_veneer.o ABSOLUTE
    ../clib/armsys.c                         0x00000000   Number         0  _get_argv_nomalloc.o ABSOLUTE
    ../clib/armsys.c                         0x00000000   Number         0  no_argv.o ABSOLUTE
    ../clib/heapalloc.c                      0x00000000   Number         0  hrguard.o ABSOLUTE
    ../clib/heapaux.c                        0x00000000   Number         0  heapauxi.o ABSOLUTE
    ../clib/libinit.s                        0x00000000   Number         0  libshutdown2.o ABSOLUTE
    ../clib/libinit.s                        0x00000000   Number         0  libshutdown.o ABSOLUTE
    ../clib/libinit.s                        0x00000000   Number         0  libinit2.o ABSOLUTE
    ../clib/libinit.s                        0x00000000   Number         0  libinit.o ABSOLUTE
    ../clib/longlong.s                       0x00000000   Number         0  lludivv7m.o ABSOLUTE
    ../clib/memcpset.s                       0x00000000   Number         0  rt_memclr_w.o ABSOLUTE
    ../clib/signal.c                         0x00000000   Number         0  __raise.o ABSOLUTE
    ../clib/signal.c                         0x00000000   Number         0  defsig_general.o ABSOLUTE
    ../clib/signal.c                         0x00000000   Number         0  defsig_abrt_inner.o ABSOLUTE
    ../clib/signal.c                         0x00000000   Number         0  defsig_other.o ABSOLUTE
    ../clib/signal.c                         0x00000000   Number         0  defsig_fpe_formal.o ABSOLUTE
    ../clib/signal.c                         0x00000000   Number         0  defsig_fpe_outer.o ABSOLUTE
    ../clib/signal.c                         0x00000000   Number         0  defsig_fpe_inner.o ABSOLUTE
    ../clib/signal.c                         0x00000000   Number         0  defsig_exit.o ABSOLUTE
    ../clib/signal.c                         0x00000000   Number         0  defsig_rtred_inner.o ABSOLUTE
    ../clib/signal.c                         0x00000000   Number         0  defsig_rtmem_inner.o ABSOLUTE
    ../clib/signal.c                         0x00000000   Number         0  defsig_rtmem_outer.o ABSOLUTE
    ../clib/signal.c                         0x00000000   Number         0  defsig_rtmem_formal.o ABSOLUTE
    ../clib/signal.c                         0x00000000   Number         0  defsig_pvfn_inner.o ABSOLUTE
    ../clib/signal.c                         0x00000000   Number         0  defsig_cppl_inner.o ABSOLUTE
    ../clib/signal.c                         0x00000000   Number         0  defsig_segv_inner.o ABSOLUTE
    ../clib/signal.c                         0x00000000   Number         0  defsig_stak_inner.o ABSOLUTE
    ../clib/signal.s                         0x00000000   Number         0  defsig.o ABSOLUTE
    ../clib/stdlib.c                         0x00000000   Number         0  exit.o ABSOLUTE
    ../fplib/fpinit.s                        0x00000000   Number         0  fpinit.o ABSOLUTE
    ..\Core\Src\gpio.c                       0x00000000   Number         0  gpio.o ABSOLUTE
    ..\Core\Src\main.c                       0x00000000   Number         0  main.o ABSOLUTE
    ..\Core\Src\stm32wbxx_hal_msp.c          0x00000000   Number         0  stm32wbxx_hal_msp.o ABSOLUTE
    ..\Core\Src\stm32wbxx_it.c               0x00000000   Number         0  stm32wbxx_it.o ABSOLUTE
    ..\Core\Src\system_stm32wbxx.c           0x00000000   Number         0  system_stm32wbxx.o ABSOLUTE
    ..\Core\Src\tim.c                        0x00000000   Number         0  tim.o ABSOLUTE
    ..\Core\Src\usart.c                      0x00000000   Number         0  usart.o ABSOLUTE
    ..\Drivers\STM32WBxx_HAL_Driver\Src\stm32wbxx_hal.c 0x00000000   Number         0  stm32wbxx_hal.o ABSOLUTE
    ..\Drivers\STM32WBxx_HAL_Driver\Src\stm32wbxx_hal_cortex.c 0x00000000   Number         0  stm32wbxx_hal_cortex.o ABSOLUTE
    ..\Drivers\STM32WBxx_HAL_Driver\Src\stm32wbxx_hal_dma.c 0x00000000   Number         0  stm32wbxx_hal_dma.o ABSOLUTE
    ..\Drivers\STM32WBxx_HAL_Driver\Src\stm32wbxx_hal_dma_ex.c 0x00000000   Number         0  stm32wbxx_hal_dma_ex.o ABSOLUTE
    ..\Drivers\STM32WBxx_HAL_Driver\Src\stm32wbxx_hal_exti.c 0x00000000   Number         0  stm32wbxx_hal_exti.o ABSOLUTE
    ..\Drivers\STM32WBxx_HAL_Driver\Src\stm32wbxx_hal_flash.c 0x00000000   Number         0  stm32wbxx_hal_flash.o ABSOLUTE
    ..\Drivers\STM32WBxx_HAL_Driver\Src\stm32wbxx_hal_flash_ex.c 0x00000000   Number         0  stm32wbxx_hal_flash_ex.o ABSOLUTE
    ..\Drivers\STM32WBxx_HAL_Driver\Src\stm32wbxx_hal_gpio.c 0x00000000   Number         0  stm32wbxx_hal_gpio.o ABSOLUTE
    ..\Drivers\STM32WBxx_HAL_Driver\Src\stm32wbxx_hal_hsem.c 0x00000000   Number         0  stm32wbxx_hal_hsem.o ABSOLUTE
    ..\Drivers\STM32WBxx_HAL_Driver\Src\stm32wbxx_hal_pwr.c 0x00000000   Number         0  stm32wbxx_hal_pwr.o ABSOLUTE
    ..\Drivers\STM32WBxx_HAL_Driver\Src\stm32wbxx_hal_pwr_ex.c 0x00000000   Number         0  stm32wbxx_hal_pwr_ex.o ABSOLUTE
    ..\Drivers\STM32WBxx_HAL_Driver\Src\stm32wbxx_hal_rcc.c 0x00000000   Number         0  stm32wbxx_hal_rcc.o ABSOLUTE
    ..\Drivers\STM32WBxx_HAL_Driver\Src\stm32wbxx_hal_rcc_ex.c 0x00000000   Number         0  stm32wbxx_hal_rcc_ex.o ABSOLUTE
    ..\Drivers\STM32WBxx_HAL_Driver\Src\stm32wbxx_hal_tim.c 0x00000000   Number         0  stm32wbxx_hal_tim.o ABSOLUTE
    ..\Drivers\STM32WBxx_HAL_Driver\Src\stm32wbxx_hal_tim_ex.c 0x00000000   Number         0  stm32wbxx_hal_tim_ex.o ABSOLUTE
    ..\Drivers\STM32WBxx_HAL_Driver\Src\stm32wbxx_hal_uart.c 0x00000000   Number         0  stm32wbxx_hal_uart.o ABSOLUTE
    ..\Drivers\STM32WBxx_HAL_Driver\Src\stm32wbxx_hal_uart_ex.c 0x00000000   Number         0  stm32wbxx_hal_uart_ex.o ABSOLUTE
    dc.s                                     0x00000000   Number         0  dc.o ABSOLUTE
    startup_stm32wb15xx_cm4.s                0x00000000   Number         0  startup_stm32wb15xx_cm4.o ABSOLUTE
    RESET                                    0x08000000   Section      316  startup_stm32wb15xx_cm4.o(RESET)
    !!!main                                  0x0800013c   Section        8  __main.o(!!!main)
    !!!scatter                               0x08000144   Section       52  __scatter.o(!!!scatter)
    !!handler_copy                           0x08000178   Section       26  __scatter_copy.o(!!handler_copy)
    !!handler_zi                             0x08000194   Section       28  __scatter_zi.o(!!handler_zi)
    .ARM.Collect$$libinit$$00000000          0x080001b0   Section        2  libinit.o(.ARM.Collect$$libinit$$00000000)
    .ARM.Collect$$libinit$$00000001          0x080001b2   Section        4  libinit2.o(.ARM.Collect$$libinit$$00000001)
    .ARM.Collect$$libinit$$00000004          0x080001b6   Section        0  libinit2.o(.ARM.Collect$$libinit$$00000004)
    .ARM.Collect$$libinit$$0000000A          0x080001b6   Section        0  libinit2.o(.ARM.Collect$$libinit$$0000000A)
    .ARM.Collect$$libinit$$0000000C          0x080001b6   Section        0  libinit2.o(.ARM.Collect$$libinit$$0000000C)
    .ARM.Collect$$libinit$$0000000E          0x080001b6   Section        0  libinit2.o(.ARM.Collect$$libinit$$0000000E)
    .ARM.Collect$$libinit$$00000011          0x080001b6   Section        0  libinit2.o(.ARM.Collect$$libinit$$00000011)
    .ARM.Collect$$libinit$$00000013          0x080001b6   Section        0  libinit2.o(.ARM.Collect$$libinit$$00000013)
    .ARM.Collect$$libinit$$00000015          0x080001b6   Section        0  libinit2.o(.ARM.Collect$$libinit$$00000015)
    .ARM.Collect$$libinit$$00000017          0x080001b6   Section        0  libinit2.o(.ARM.Collect$$libinit$$00000017)
    .ARM.Collect$$libinit$$00000019          0x080001b6   Section        0  libinit2.o(.ARM.Collect$$libinit$$00000019)
    .ARM.Collect$$libinit$$0000001B          0x080001b6   Section        0  libinit2.o(.ARM.Collect$$libinit$$0000001B)
    .ARM.Collect$$libinit$$0000001D          0x080001b6   Section        0  libinit2.o(.ARM.Collect$$libinit$$0000001D)
    .ARM.Collect$$libinit$$0000001F          0x080001b6   Section        0  libinit2.o(.ARM.Collect$$libinit$$0000001F)
    .ARM.Collect$$libinit$$00000021          0x080001b6   Section        0  libinit2.o(.ARM.Collect$$libinit$$00000021)
    .ARM.Collect$$libinit$$00000023          0x080001b6   Section        0  libinit2.o(.ARM.Collect$$libinit$$00000023)
    .ARM.Collect$$libinit$$00000025          0x080001b6   Section        0  libinit2.o(.ARM.Collect$$libinit$$00000025)
    .ARM.Collect$$libinit$$0000002C          0x080001b6   Section        0  libinit2.o(.ARM.Collect$$libinit$$0000002C)
    .ARM.Collect$$libinit$$0000002E          0x080001b6   Section        0  libinit2.o(.ARM.Collect$$libinit$$0000002E)
    .ARM.Collect$$libinit$$00000030          0x080001b6   Section        0  libinit2.o(.ARM.Collect$$libinit$$00000030)
    .ARM.Collect$$libinit$$00000032          0x080001b6   Section        0  libinit2.o(.ARM.Collect$$libinit$$00000032)
    .ARM.Collect$$libinit$$00000033          0x080001b6   Section        2  libinit2.o(.ARM.Collect$$libinit$$00000033)
    .ARM.Collect$$libshutdown$$00000000      0x080001b8   Section        2  libshutdown.o(.ARM.Collect$$libshutdown$$00000000)
    .ARM.Collect$$libshutdown$$00000003      0x080001ba   Section        0  libshutdown2.o(.ARM.Collect$$libshutdown$$00000003)
    .ARM.Collect$$libshutdown$$00000006      0x080001ba   Section        0  libshutdown2.o(.ARM.Collect$$libshutdown$$00000006)
    .ARM.Collect$$libshutdown$$00000009      0x080001ba   Section        0  libshutdown2.o(.ARM.Collect$$libshutdown$$00000009)
    .ARM.Collect$$libshutdown$$0000000B      0x080001ba   Section        0  libshutdown2.o(.ARM.Collect$$libshutdown$$0000000B)
    .ARM.Collect$$libshutdown$$0000000E      0x080001ba   Section        0  libshutdown2.o(.ARM.Collect$$libshutdown$$0000000E)
    .ARM.Collect$$libshutdown$$0000000F      0x080001ba   Section        2  libshutdown2.o(.ARM.Collect$$libshutdown$$0000000F)
    .ARM.Collect$$rtentry$$00000000          0x080001bc   Section        0  __rtentry.o(.ARM.Collect$$rtentry$$00000000)
    .ARM.Collect$$rtentry$$00000002          0x080001bc   Section        0  __rtentry2.o(.ARM.Collect$$rtentry$$00000002)
    .ARM.Collect$$rtentry$$00000004          0x080001bc   Section        6  __rtentry4.o(.ARM.Collect$$rtentry$$00000004)
    .ARM.Collect$$rtentry$$00000009          0x080001c2   Section        0  __rtentry2.o(.ARM.Collect$$rtentry$$00000009)
    .ARM.Collect$$rtentry$$0000000A          0x080001c2   Section        4  __rtentry2.o(.ARM.Collect$$rtentry$$0000000A)
    .ARM.Collect$$rtentry$$0000000C          0x080001c6   Section        0  __rtentry2.o(.ARM.Collect$$rtentry$$0000000C)
    .ARM.Collect$$rtentry$$0000000D          0x080001c6   Section        8  __rtentry2.o(.ARM.Collect$$rtentry$$0000000D)
    .ARM.Collect$$rtexit$$00000000           0x080001ce   Section        2  rtexit.o(.ARM.Collect$$rtexit$$00000000)
    .ARM.Collect$$rtexit$$00000002           0x080001d0   Section        0  rtexit2.o(.ARM.Collect$$rtexit$$00000002)
    .ARM.Collect$$rtexit$$00000003           0x080001d0   Section        4  rtexit2.o(.ARM.Collect$$rtexit$$00000003)
    .ARM.Collect$$rtexit$$00000004           0x080001d4   Section        6  rtexit2.o(.ARM.Collect$$rtexit$$00000004)
    .text                                    0x080001dc   Section       64  startup_stm32wb15xx_cm4.o(.text)
    $v0                                      0x080001dc   Number         0  startup_stm32wb15xx_cm4.o(.text)
    .text                                    0x0800021c   Section      238  lludivv7m.o(.text)
    .text                                    0x0800030a   Section       78  rt_memclr_w.o(.text)
    .text                                    0x08000358   Section        0  heapauxi.o(.text)
    .text                                    0x0800035e   Section       74  sys_stackheap_outer.o(.text)
    .text                                    0x080003a8   Section        0  exit.o(.text)
    .text                                    0x080003b4   Section        8  libspace.o(.text)
    .text                                    0x080003bc   Section        0  sys_exit.o(.text)
    .text                                    0x080003c8   Section        2  use_no_semi.o(.text)
    .text                                    0x080003ca   Section        0  indicate_semi.o(.text)
    i.BusFault_Handler                       0x080003ca   Section        0  stm32wbxx_it.o(i.BusFault_Handler)
    i.DebugMon_Handler                       0x080003cc   Section        0  stm32wbxx_it.o(i.DebugMon_Handler)
    i.Error_Handler                          0x080003ce   Section        0  main.o(i.Error_Handler)
    i.HAL_Delay                              0x080003d4   Section        0  stm32wbxx_hal.o(i.HAL_Delay)
    i.HAL_GPIO_Init                          0x080003f8   Section        0  stm32wbxx_hal_gpio.o(i.HAL_GPIO_Init)
    i.HAL_GPIO_WritePin                      0x080005f4   Section        0  stm32wbxx_hal_gpio.o(i.HAL_GPIO_WritePin)
    i.HAL_GetTick                            0x08000600   Section        0  stm32wbxx_hal.o(i.HAL_GetTick)
    i.HAL_GetTickPrio                        0x0800060c   Section        0  stm32wbxx_hal.o(i.HAL_GetTickPrio)
    i.HAL_IncTick                            0x08000618   Section        0  stm32wbxx_hal.o(i.HAL_IncTick)
    i.HAL_Init                               0x08000628   Section        0  stm32wbxx_hal.o(i.HAL_Init)
    i.HAL_InitTick                           0x08000654   Section        0  stm32wbxx_hal.o(i.HAL_InitTick)
    i.HAL_MspInit                            0x08000694   Section        0  stm32wbxx_hal_msp.o(i.HAL_MspInit)
    i.HAL_NVIC_SetPriority                   0x08000698   Section        0  stm32wbxx_hal_cortex.o(i.HAL_NVIC_SetPriority)
    i.HAL_NVIC_SetPriorityGrouping           0x080006d8   Section        0  stm32wbxx_hal_cortex.o(i.HAL_NVIC_SetPriorityGrouping)
    i.HAL_PWR_EnableBkUpAccess               0x080006fc   Section        0  stm32wbxx_hal_pwr.o(i.HAL_PWR_EnableBkUpAccess)
    i.HAL_RCCEx_EnableMSIPLLMode             0x0800070c   Section        0  stm32wbxx_hal_rcc_ex.o(i.HAL_RCCEx_EnableMSIPLLMode)
    i.HAL_RCCEx_PeriphCLKConfig              0x0800071a   Section        0  stm32wbxx_hal_rcc_ex.o(i.HAL_RCCEx_PeriphCLKConfig)
    i.HAL_RCC_ClockConfig                    0x080008b4   Section        0  stm32wbxx_hal_rcc.o(i.HAL_RCC_ClockConfig)
    i.HAL_RCC_GetHCLKFreq                    0x08000ab0   Section        0  stm32wbxx_hal_rcc.o(i.HAL_RCC_GetHCLKFreq)
    i.HAL_RCC_GetPCLK1Freq                   0x08000ad4   Section        0  stm32wbxx_hal_rcc.o(i.HAL_RCC_GetPCLK1Freq)
    i.HAL_RCC_GetPCLK2Freq                   0x08000af8   Section        0  stm32wbxx_hal_rcc.o(i.HAL_RCC_GetPCLK2Freq)
    i.HAL_RCC_GetSysClockFreq                0x08000b1c   Section        0  stm32wbxx_hal_rcc.o(i.HAL_RCC_GetSysClockFreq)
    i.HAL_RCC_OscConfig                      0x08000bb0   Section        0  stm32wbxx_hal_rcc.o(i.HAL_RCC_OscConfig)
    i.HAL_SYSTICK_Config                     0x080010bc   Section        0  stm32wbxx_hal_cortex.o(i.HAL_SYSTICK_Config)
    i.HAL_TIMEx_MasterConfigSynchronization  0x080010e4   Section        0  stm32wbxx_hal_tim_ex.o(i.HAL_TIMEx_MasterConfigSynchronization)
    i.HAL_TIM_Base_Init                      0x08001148   Section        0  stm32wbxx_hal_tim.o(i.HAL_TIM_Base_Init)
    i.HAL_TIM_Base_MspInit                   0x080011aa   Section        0  tim.o(i.HAL_TIM_Base_MspInit)
    i.HAL_TIM_ConfigClockSource              0x080011cc   Section        0  stm32wbxx_hal_tim.o(i.HAL_TIM_ConfigClockSource)
    i.HAL_TIM_MspPostInit                    0x080012ac   Section        0  tim.o(i.HAL_TIM_MspPostInit)
    i.HAL_TIM_PWM_ConfigChannel              0x080012f4   Section        0  stm32wbxx_hal_tim.o(i.HAL_TIM_PWM_ConfigChannel)
    i.HAL_TIM_PWM_Init                       0x08001418   Section        0  stm32wbxx_hal_tim.o(i.HAL_TIM_PWM_Init)
    i.HAL_TIM_PWM_MspInit                    0x0800147a   Section        0  stm32wbxx_hal_tim.o(i.HAL_TIM_PWM_MspInit)
    i.HAL_TIM_PWM_Start                      0x0800147c   Section        0  stm32wbxx_hal_tim.o(i.HAL_TIM_PWM_Start)
    i.HAL_UARTEx_DisableFifoMode             0x08001534   Section        0  stm32wbxx_hal_uart_ex.o(i.HAL_UARTEx_DisableFifoMode)
    i.HAL_UARTEx_SetRxFifoThreshold          0x08001572   Section        0  stm32wbxx_hal_uart_ex.o(i.HAL_UARTEx_SetRxFifoThreshold)
    i.HAL_UARTEx_SetTxFifoThreshold          0x080015be   Section        0  stm32wbxx_hal_uart_ex.o(i.HAL_UARTEx_SetTxFifoThreshold)
    i.HAL_UART_Init                          0x0800160a   Section        0  stm32wbxx_hal_uart.o(i.HAL_UART_Init)
    i.HAL_UART_MspInit                       0x08001674   Section        0  usart.o(i.HAL_UART_MspInit)
    i.HardFault_Handler                      0x080016f0   Section        0  stm32wbxx_it.o(i.HardFault_Handler)
    i.LL_AHB2_GRP1_EnableClock               0x080016f2   Section        0  gpio.o(i.LL_AHB2_GRP1_EnableClock)
    LL_AHB2_GRP1_EnableClock                 0x080016f3   Thumb Code    20  gpio.o(i.LL_AHB2_GRP1_EnableClock)
    i.LL_RCC_GetSysClkSource                 0x08001706   Section        0  stm32wbxx_hal_rcc.o(i.LL_RCC_GetSysClkSource)
    LL_RCC_GetSysClkSource                   0x08001707   Thumb Code    12  stm32wbxx_hal_rcc.o(i.LL_RCC_GetSysClkSource)
    i.LL_RCC_HSI_SetCalibTrimming            0x08001712   Section        0  stm32wbxx_hal_rcc.o(i.LL_RCC_HSI_SetCalibTrimming)
    LL_RCC_HSI_SetCalibTrimming              0x08001713   Thumb Code    18  stm32wbxx_hal_rcc.o(i.LL_RCC_HSI_SetCalibTrimming)
    i.LL_RCC_LSE_IsReady                     0x08001724   Section        0  stm32wbxx_hal_rcc_ex.o(i.LL_RCC_LSE_IsReady)
    LL_RCC_LSE_IsReady                       0x08001725   Thumb Code    14  stm32wbxx_hal_rcc_ex.o(i.LL_RCC_LSE_IsReady)
    i.LL_RCC_LSI1_IsReady                    0x08001732   Section        0  stm32wbxx_hal_rcc.o(i.LL_RCC_LSI1_IsReady)
    LL_RCC_LSI1_IsReady                      0x08001733   Thumb Code    14  stm32wbxx_hal_rcc.o(i.LL_RCC_LSI1_IsReady)
    i.LL_RCC_MSI_GetRange                    0x08001740   Section        0  stm32wbxx_hal_rcc.o(i.LL_RCC_MSI_GetRange)
    LL_RCC_MSI_GetRange                      0x08001741   Thumb Code    18  stm32wbxx_hal_rcc.o(i.LL_RCC_MSI_GetRange)
    i.LL_RCC_MSI_IsReady                     0x08001752   Section        0  stm32wbxx_hal_rcc.o(i.LL_RCC_MSI_IsReady)
    LL_RCC_MSI_IsReady                       0x08001753   Thumb Code    12  stm32wbxx_hal_rcc.o(i.LL_RCC_MSI_IsReady)
    i.LL_RCC_MSI_SetCalibTrimming            0x0800175e   Section        0  stm32wbxx_hal_rcc.o(i.LL_RCC_MSI_SetCalibTrimming)
    LL_RCC_MSI_SetCalibTrimming              0x0800175f   Thumb Code    18  stm32wbxx_hal_rcc.o(i.LL_RCC_MSI_SetCalibTrimming)
    i.LL_RCC_MSI_SetRange                    0x08001770   Section        0  stm32wbxx_hal_rcc.o(i.LL_RCC_MSI_SetRange)
    LL_RCC_MSI_SetRange                      0x08001771   Thumb Code    16  stm32wbxx_hal_rcc.o(i.LL_RCC_MSI_SetRange)
    i.LL_RCC_PLL_GetMainSource               0x08001780   Section        0  stm32wbxx_hal_rcc.o(i.LL_RCC_PLL_GetMainSource)
    LL_RCC_PLL_GetMainSource                 0x08001781   Thumb Code    12  stm32wbxx_hal_rcc.o(i.LL_RCC_PLL_GetMainSource)
    i.LL_RCC_SetLPTIMClockSource             0x0800178c   Section        0  stm32wbxx_hal_rcc_ex.o(i.LL_RCC_SetLPTIMClockSource)
    LL_RCC_SetLPTIMClockSource               0x0800178d   Thumb Code    22  stm32wbxx_hal_rcc_ex.o(i.LL_RCC_SetLPTIMClockSource)
    i.LL_RCC_SetRNGClockSource               0x080017a2   Section        0  stm32wbxx_hal_rcc_ex.o(i.LL_RCC_SetRNGClockSource)
    LL_RCC_SetRNGClockSource                 0x080017a3   Thumb Code    18  stm32wbxx_hal_rcc_ex.o(i.LL_RCC_SetRNGClockSource)
    i.MX_GPIO_Init                           0x080017b4   Section        0  gpio.o(i.MX_GPIO_Init)
    i.MX_TIM2_Init                           0x08001834   Section        0  tim.o(i.MX_TIM2_Init)
    i.MX_USART1_UART_Init                    0x080018d0   Section        0  usart.o(i.MX_USART1_UART_Init)
    i.MemManage_Handler                      0x08001938   Section        0  stm32wbxx_it.o(i.MemManage_Handler)
    i.NMI_Handler                            0x0800193a   Section        0  stm32wbxx_it.o(i.NMI_Handler)
    i.PendSV_Handler                         0x0800193c   Section        0  stm32wbxx_it.o(i.PendSV_Handler)
    i.PeriphCommonClock_Config               0x0800193e   Section        0  main.o(i.PeriphCommonClock_Config)
    i.RCC_SetFlashLatencyFromMSIRange        0x0800196c   Section        0  stm32wbxx_hal_rcc.o(i.RCC_SetFlashLatencyFromMSIRange)
    RCC_SetFlashLatencyFromMSIRange          0x0800196d   Thumb Code   146  stm32wbxx_hal_rcc.o(i.RCC_SetFlashLatencyFromMSIRange)
    i.SVC_Handler                            0x08001a14   Section        0  stm32wbxx_it.o(i.SVC_Handler)
    i.SysTick_Handler                        0x08001a16   Section        0  stm32wbxx_it.o(i.SysTick_Handler)
    i.SystemClock_Config                     0x08001a1a   Section        0  main.o(i.SystemClock_Config)
    i.SystemInit                             0x08001ab4   Section        0  system_stm32wbxx.o(i.SystemInit)
    i.TIM_Base_SetConfig                     0x08001b10   Section        0  stm32wbxx_hal_tim.o(i.TIM_Base_SetConfig)
    i.TIM_CCxChannelCmd                      0x08001b60   Section        0  stm32wbxx_hal_tim.o(i.TIM_CCxChannelCmd)
    i.TIM_ETR_SetConfig                      0x08001b7a   Section        0  stm32wbxx_hal_tim.o(i.TIM_ETR_SetConfig)
    i.TIM_ITRx_SetConfig                     0x08001b90   Section        0  stm32wbxx_hal_tim.o(i.TIM_ITRx_SetConfig)
    TIM_ITRx_SetConfig                       0x08001b91   Thumb Code    16  stm32wbxx_hal_tim.o(i.TIM_ITRx_SetConfig)
    i.TIM_OC1_SetConfig                      0x08001ba4   Section        0  stm32wbxx_hal_tim.o(i.TIM_OC1_SetConfig)
    TIM_OC1_SetConfig                        0x08001ba5   Thumb Code    78  stm32wbxx_hal_tim.o(i.TIM_OC1_SetConfig)
    i.TIM_OC2_SetConfig                      0x08001bfc   Section        0  stm32wbxx_hal_tim.o(i.TIM_OC2_SetConfig)
    i.TIM_OC3_SetConfig                      0x08001c5c   Section        0  stm32wbxx_hal_tim.o(i.TIM_OC3_SetConfig)
    TIM_OC3_SetConfig                        0x08001c5d   Thumb Code    86  stm32wbxx_hal_tim.o(i.TIM_OC3_SetConfig)
    i.TIM_OC4_SetConfig                      0x08001cbc   Section        0  stm32wbxx_hal_tim.o(i.TIM_OC4_SetConfig)
    TIM_OC4_SetConfig                        0x08001cbd   Thumb Code    68  stm32wbxx_hal_tim.o(i.TIM_OC4_SetConfig)
    i.TIM_OC5_SetConfig                      0x08001d08   Section        0  stm32wbxx_hal_tim.o(i.TIM_OC5_SetConfig)
    TIM_OC5_SetConfig                        0x08001d09   Thumb Code    62  stm32wbxx_hal_tim.o(i.TIM_OC5_SetConfig)
    i.TIM_OC6_SetConfig                      0x08001d50   Section        0  stm32wbxx_hal_tim.o(i.TIM_OC6_SetConfig)
    TIM_OC6_SetConfig                        0x08001d51   Thumb Code    64  stm32wbxx_hal_tim.o(i.TIM_OC6_SetConfig)
    i.TIM_TI1_ConfigInputStage               0x08001d98   Section        0  stm32wbxx_hal_tim.o(i.TIM_TI1_ConfigInputStage)
    TIM_TI1_ConfigInputStage                 0x08001d99   Thumb Code    34  stm32wbxx_hal_tim.o(i.TIM_TI1_ConfigInputStage)
    i.TIM_TI2_ConfigInputStage               0x08001dba   Section        0  stm32wbxx_hal_tim.o(i.TIM_TI2_ConfigInputStage)
    TIM_TI2_ConfigInputStage                 0x08001dbb   Thumb Code    36  stm32wbxx_hal_tim.o(i.TIM_TI2_ConfigInputStage)
    i.UARTEx_SetNbDataToProcess              0x08001de0   Section        0  stm32wbxx_hal_uart_ex.o(i.UARTEx_SetNbDataToProcess)
    UARTEx_SetNbDataToProcess                0x08001de1   Thumb Code    62  stm32wbxx_hal_uart_ex.o(i.UARTEx_SetNbDataToProcess)
    i.UART_AdvFeatureConfig                  0x08001e24   Section        0  stm32wbxx_hal_uart.o(i.UART_AdvFeatureConfig)
    i.UART_CheckIdleState                    0x08001eec   Section        0  stm32wbxx_hal_uart.o(i.UART_CheckIdleState)
    i.UART_EndRxTransfer                     0x08001f98   Section        0  stm32wbxx_hal_uart.o(i.UART_EndRxTransfer)
    UART_EndRxTransfer                       0x08001f99   Thumb Code    78  stm32wbxx_hal_uart.o(i.UART_EndRxTransfer)
    i.UART_SetConfig                         0x08001fec   Section        0  stm32wbxx_hal_uart.o(i.UART_SetConfig)
    i.UART_WaitOnFlagUntilTimeout            0x080021e8   Section        0  stm32wbxx_hal_uart.o(i.UART_WaitOnFlagUntilTimeout)
    i.UsageFault_Handler                     0x08002274   Section        0  stm32wbxx_it.o(i.UsageFault_Handler)
    i.__NVIC_SetPriority                     0x08002276   Section        0  stm32wbxx_hal_cortex.o(i.__NVIC_SetPriority)
    __NVIC_SetPriority                       0x08002277   Thumb Code    32  stm32wbxx_hal_cortex.o(i.__NVIC_SetPriority)
    i.main                                   0x08002298   Section        0  main.o(i.main)
    x$fpl$fpinit                             0x080022dc   Section       10  fpinit.o(x$fpl$fpinit)
    $v0                                      0x080022dc   Number         0  fpinit.o(x$fpl$fpinit)
    .constdata                               0x080022e8   Section       32  stm32wbxx_hal_rcc.o(.constdata)
    .constdata                               0x08002308   Section       24  stm32wbxx_hal_uart.o(.constdata)
    .constdata                               0x08002320   Section       16  stm32wbxx_hal_uart_ex.o(.constdata)
    numerator                                0x08002320   Data           8  stm32wbxx_hal_uart_ex.o(.constdata)
    denominator                              0x08002328   Data           8  stm32wbxx_hal_uart_ex.o(.constdata)
    .constdata                               0x08002330   Section      128  system_stm32wbxx.o(.constdata)
    .constdata                               0x080023b0   Section       32  system_stm32wbxx.o(.constdata)
    .data                                    0x20000008   Section       12  stm32wbxx_hal.o(.data)
    .data                                    0x20000014   Section        4  system_stm32wbxx.o(.data)
    .bss                                     0x20000018   Section       76  tim.o(.bss)
    .bss                                     0x20000064   Section      148  usart.o(.bss)
    .bss                                     0x200000f8   Section       96  libspace.o(.bss)
    HEAP                                     0x20000158   Section      512  startup_stm32wb15xx_cm4.o(HEAP)
    Heap_Mem                                 0x20000158   Data         512  startup_stm32wb15xx_cm4.o(HEAP)
    STACK                                    0x20000358   Section     1024  startup_stm32wb15xx_cm4.o(STACK)
    Stack_Mem                                0x20000358   Data        1024  startup_stm32wb15xx_cm4.o(STACK)
    __initial_sp                             0x20000758   Data           0  startup_stm32wb15xx_cm4.o(STACK)

    Global Symbols

    Symbol Name                              Value     Ov Type        Size  Object(Section)

    BuildAttributes$$THM_ISAv4$E$P$D$K$B$S$7EM$VFPi3$EXTD16$VFPS$VFMA$PE$A:L22UL41UL21$X:L11$S22US41US21$IEEE1$IW$USESV6$~STKCKD$USESV7$~SHL$OSPACE$ROPI$EBA8$UX$STANDARDLIB$REQ8$PRES8$EABIv2 0x00000000   Number         0  anon$$obj.o ABSOLUTE
    __ARM_use_no_argv                        0x00000000   Number         0  main.o ABSOLUTE
    __ARM_exceptions_init                     - Undefined Weak Reference
    __alloca_initialize                       - Undefined Weak Reference
    __arm_preinit_                            - Undefined Weak Reference
    __cpp_initialize__aeabi_                  - Undefined Weak Reference
    __cxa_finalize                            - Undefined Weak Reference
    __rt_locale                               - Undefined Weak Reference
    __sigvec_lookup                           - Undefined Weak Reference
    _atexit_init                              - Undefined Weak Reference
    _call_atexit_fns                          - Undefined Weak Reference
    _clock_init                               - Undefined Weak Reference
    _fp_trap_init                             - Undefined Weak Reference
    _fp_trap_shutdown                         - Undefined Weak Reference
    _get_lc_collate                           - Undefined Weak Reference
    _get_lc_ctype                             - Undefined Weak Reference
    _get_lc_monetary                          - Undefined Weak Reference
    _get_lc_numeric                           - Undefined Weak Reference
    _get_lc_time                              - Undefined Weak Reference
    _getenv_init                              - Undefined Weak Reference
    _handle_redirection                       - Undefined Weak Reference
    _init_alloc                               - Undefined Weak Reference
    _init_user_alloc                          - Undefined Weak Reference
    _initio                                   - Undefined Weak Reference
    _rand_init                                - Undefined Weak Reference
    _signal_finish                            - Undefined Weak Reference
    _signal_init                              - Undefined Weak Reference
    _terminate_alloc                          - Undefined Weak Reference
    _terminate_user_alloc                     - Undefined Weak Reference
    _terminateio                              - Undefined Weak Reference
    __Vectors_Size                           0x0000013c   Number         0  startup_stm32wb15xx_cm4.o ABSOLUTE
    __Vectors                                0x08000000   Data           4  startup_stm32wb15xx_cm4.o(RESET)
    __Vectors_End                            0x0800013c   Data           0  startup_stm32wb15xx_cm4.o(RESET)
    __main                                   0x0800013d   Thumb Code     8  __main.o(!!!main)
    __scatterload                            0x08000145   Thumb Code     0  __scatter.o(!!!scatter)
    __scatterload_rt2                        0x08000145   Thumb Code    44  __scatter.o(!!!scatter)
    __scatterload_rt2_thumb_only             0x08000145   Thumb Code     0  __scatter.o(!!!scatter)
    __scatterload_null                       0x08000153   Thumb Code     0  __scatter.o(!!!scatter)
    __scatterload_copy                       0x08000179   Thumb Code    26  __scatter_copy.o(!!handler_copy)
    __scatterload_zeroinit                   0x08000195   Thumb Code    28  __scatter_zi.o(!!handler_zi)
    __rt_lib_init                            0x080001b1   Thumb Code     0  libinit.o(.ARM.Collect$$libinit$$00000000)
    __rt_lib_init_fp_1                       0x080001b3   Thumb Code     0  libinit2.o(.ARM.Collect$$libinit$$00000001)
    __rt_lib_init_alloca_1                   0x080001b7   Thumb Code     0  libinit2.o(.ARM.Collect$$libinit$$0000002E)
    __rt_lib_init_argv_1                     0x080001b7   Thumb Code     0  libinit2.o(.ARM.Collect$$libinit$$0000002C)
    __rt_lib_init_atexit_1                   0x080001b7   Thumb Code     0  libinit2.o(.ARM.Collect$$libinit$$0000001B)
    __rt_lib_init_clock_1                    0x080001b7   Thumb Code     0  libinit2.o(.ARM.Collect$$libinit$$00000021)
    __rt_lib_init_cpp_1                      0x080001b7   Thumb Code     0  libinit2.o(.ARM.Collect$$libinit$$00000032)
    __rt_lib_init_exceptions_1               0x080001b7   Thumb Code     0  libinit2.o(.ARM.Collect$$libinit$$00000030)
    __rt_lib_init_fp_trap_1                  0x080001b7   Thumb Code     0  libinit2.o(.ARM.Collect$$libinit$$0000001F)
    __rt_lib_init_getenv_1                   0x080001b7   Thumb Code     0  libinit2.o(.ARM.Collect$$libinit$$00000023)
    __rt_lib_init_heap_1                     0x080001b7   Thumb Code     0  libinit2.o(.ARM.Collect$$libinit$$0000000A)
    __rt_lib_init_lc_collate_1               0x080001b7   Thumb Code     0  libinit2.o(.ARM.Collect$$libinit$$00000011)
    __rt_lib_init_lc_ctype_1                 0x080001b7   Thumb Code     0  libinit2.o(.ARM.Collect$$libinit$$00000013)
    __rt_lib_init_lc_monetary_1              0x080001b7   Thumb Code     0  libinit2.o(.ARM.Collect$$libinit$$00000015)
    __rt_lib_init_lc_numeric_1               0x080001b7   Thumb Code     0  libinit2.o(.ARM.Collect$$libinit$$00000017)
    __rt_lib_init_lc_time_1                  0x080001b7   Thumb Code     0  libinit2.o(.ARM.Collect$$libinit$$00000019)
    __rt_lib_init_preinit_1                  0x080001b7   Thumb Code     0  libinit2.o(.ARM.Collect$$libinit$$00000004)
    __rt_lib_init_rand_1                     0x080001b7   Thumb Code     0  libinit2.o(.ARM.Collect$$libinit$$0000000E)
    __rt_lib_init_return                     0x080001b7   Thumb Code     0  libinit2.o(.ARM.Collect$$libinit$$00000033)
    __rt_lib_init_signal_1                   0x080001b7   Thumb Code     0  libinit2.o(.ARM.Collect$$libinit$$0000001D)
    __rt_lib_init_stdio_1                    0x080001b7   Thumb Code     0  libinit2.o(.ARM.Collect$$libinit$$00000025)
    __rt_lib_init_user_alloc_1               0x080001b7   Thumb Code     0  libinit2.o(.ARM.Collect$$libinit$$0000000C)
    __rt_lib_shutdown                        0x080001b9   Thumb Code     0  libshutdown.o(.ARM.Collect$$libshutdown$$00000000)
    __rt_lib_shutdown_fp_trap_1              0x080001bb   Thumb Code     0  libshutdown2.o(.ARM.Collect$$libshutdown$$00000006)
    __rt_lib_shutdown_heap_1                 0x080001bb   Thumb Code     0  libshutdown2.o(.ARM.Collect$$libshutdown$$0000000E)
    __rt_lib_shutdown_return                 0x080001bb   Thumb Code     0  libshutdown2.o(.ARM.Collect$$libshutdown$$0000000F)
    __rt_lib_shutdown_signal_1               0x080001bb   Thumb Code     0  libshutdown2.o(.ARM.Collect$$libshutdown$$00000009)
    __rt_lib_shutdown_stdio_1                0x080001bb   Thumb Code     0  libshutdown2.o(.ARM.Collect$$libshutdown$$00000003)
    __rt_lib_shutdown_user_alloc_1           0x080001bb   Thumb Code     0  libshutdown2.o(.ARM.Collect$$libshutdown$$0000000B)
    __rt_entry                               0x080001bd   Thumb Code     0  __rtentry.o(.ARM.Collect$$rtentry$$00000000)
    __rt_entry_presh_1                       0x080001bd   Thumb Code     0  __rtentry2.o(.ARM.Collect$$rtentry$$00000002)
    __rt_entry_sh                            0x080001bd   Thumb Code     0  __rtentry4.o(.ARM.Collect$$rtentry$$00000004)
    __rt_entry_li                            0x080001c3   Thumb Code     0  __rtentry2.o(.ARM.Collect$$rtentry$$0000000A)
    __rt_entry_postsh_1                      0x080001c3   Thumb Code     0  __rtentry2.o(.ARM.Collect$$rtentry$$00000009)
    __rt_entry_main                          0x080001c7   Thumb Code     0  __rtentry2.o(.ARM.Collect$$rtentry$$0000000D)
    __rt_entry_postli_1                      0x080001c7   Thumb Code     0  __rtentry2.o(.ARM.Collect$$rtentry$$0000000C)
    __rt_exit                                0x080001cf   Thumb Code     0  rtexit.o(.ARM.Collect$$rtexit$$00000000)
    __rt_exit_ls                             0x080001d1   Thumb Code     0  rtexit2.o(.ARM.Collect$$rtexit$$00000003)
    __rt_exit_prels_1                        0x080001d1   Thumb Code     0  rtexit2.o(.ARM.Collect$$rtexit$$00000002)
    __rt_exit_exit                           0x080001d5   Thumb Code     0  rtexit2.o(.ARM.Collect$$rtexit$$00000004)
    Reset_Handler                            0x080001dd   Thumb Code     8  startup_stm32wb15xx_cm4.o(.text)
    ADC1_IRQHandler                          0x080001f7   Thumb Code     0  startup_stm32wb15xx_cm4.o(.text)
    AES1_IRQHandler                          0x080001f7   Thumb Code     0  startup_stm32wb15xx_cm4.o(.text)
    AES2_IRQHandler                          0x080001f7   Thumb Code     0  startup_stm32wb15xx_cm4.o(.text)
    C2SEV_PWR_C2H_IRQHandler                 0x080001f7   Thumb Code     0  startup_stm32wb15xx_cm4.o(.text)
    COMP_IRQHandler                          0x080001f7   Thumb Code     0  startup_stm32wb15xx_cm4.o(.text)
    DMA1_Channel1_IRQHandler                 0x080001f7   Thumb Code     0  startup_stm32wb15xx_cm4.o(.text)
    DMA1_Channel2_IRQHandler                 0x080001f7   Thumb Code     0  startup_stm32wb15xx_cm4.o(.text)
    DMA1_Channel3_IRQHandler                 0x080001f7   Thumb Code     0  startup_stm32wb15xx_cm4.o(.text)
    DMA1_Channel4_IRQHandler                 0x080001f7   Thumb Code     0  startup_stm32wb15xx_cm4.o(.text)
    DMA1_Channel5_IRQHandler                 0x080001f7   Thumb Code     0  startup_stm32wb15xx_cm4.o(.text)
    DMA1_Channel6_IRQHandler                 0x080001f7   Thumb Code     0  startup_stm32wb15xx_cm4.o(.text)
    DMA1_Channel7_IRQHandler                 0x080001f7   Thumb Code     0  startup_stm32wb15xx_cm4.o(.text)
    DMAMUX1_OVR_IRQHandler                   0x080001f7   Thumb Code     0  startup_stm32wb15xx_cm4.o(.text)
    EXTI0_IRQHandler                         0x080001f7   Thumb Code     0  startup_stm32wb15xx_cm4.o(.text)
    EXTI15_10_IRQHandler                     0x080001f7   Thumb Code     0  startup_stm32wb15xx_cm4.o(.text)
    EXTI1_IRQHandler                         0x080001f7   Thumb Code     0  startup_stm32wb15xx_cm4.o(.text)
    EXTI2_IRQHandler                         0x080001f7   Thumb Code     0  startup_stm32wb15xx_cm4.o(.text)
    EXTI3_IRQHandler                         0x080001f7   Thumb Code     0  startup_stm32wb15xx_cm4.o(.text)
    EXTI4_IRQHandler                         0x080001f7   Thumb Code     0  startup_stm32wb15xx_cm4.o(.text)
    EXTI9_5_IRQHandler                       0x080001f7   Thumb Code     0  startup_stm32wb15xx_cm4.o(.text)
    FLASH_IRQHandler                         0x080001f7   Thumb Code     0  startup_stm32wb15xx_cm4.o(.text)
    FPU_IRQHandler                           0x080001f7   Thumb Code     0  startup_stm32wb15xx_cm4.o(.text)
    HSEM_IRQHandler                          0x080001f7   Thumb Code     0  startup_stm32wb15xx_cm4.o(.text)
    I2C1_ER_IRQHandler                       0x080001f7   Thumb Code     0  startup_stm32wb15xx_cm4.o(.text)
    I2C1_EV_IRQHandler                       0x080001f7   Thumb Code     0  startup_stm32wb15xx_cm4.o(.text)
    IPCC_C1_RX_IRQHandler                    0x080001f7   Thumb Code     0  startup_stm32wb15xx_cm4.o(.text)
    IPCC_C1_TX_IRQHandler                    0x080001f7   Thumb Code     0  startup_stm32wb15xx_cm4.o(.text)
    LPTIM1_IRQHandler                        0x080001f7   Thumb Code     0  startup_stm32wb15xx_cm4.o(.text)
    LPTIM2_IRQHandler                        0x080001f7   Thumb Code     0  startup_stm32wb15xx_cm4.o(.text)
    LPUART1_IRQHandler                       0x080001f7   Thumb Code     0  startup_stm32wb15xx_cm4.o(.text)
    PKA_IRQHandler                           0x080001f7   Thumb Code     0  startup_stm32wb15xx_cm4.o(.text)
    PVD_PVM_IRQHandler                       0x080001f7   Thumb Code     0  startup_stm32wb15xx_cm4.o(.text)
    PWR_SOTF_BLEACT_RFPHASE_IRQHandler       0x080001f7   Thumb Code     0  startup_stm32wb15xx_cm4.o(.text)
    RCC_IRQHandler                           0x080001f7   Thumb Code     0  startup_stm32wb15xx_cm4.o(.text)
    RNG_IRQHandler                           0x080001f7   Thumb Code     0  startup_stm32wb15xx_cm4.o(.text)
    RTC_Alarm_IRQHandler                     0x080001f7   Thumb Code     0  startup_stm32wb15xx_cm4.o(.text)
    RTC_WKUP_IRQHandler                      0x080001f7   Thumb Code     0  startup_stm32wb15xx_cm4.o(.text)
    SPI1_IRQHandler                          0x080001f7   Thumb Code     0  startup_stm32wb15xx_cm4.o(.text)
    TAMP_STAMP_LSECSS_IRQHandler             0x080001f7   Thumb Code     0  startup_stm32wb15xx_cm4.o(.text)
    TIM1_BRK_IRQHandler                      0x080001f7   Thumb Code     0  startup_stm32wb15xx_cm4.o(.text)
    TIM1_CC_IRQHandler                       0x080001f7   Thumb Code     0  startup_stm32wb15xx_cm4.o(.text)
    TIM1_TRG_COM_IRQHandler                  0x080001f7   Thumb Code     0  startup_stm32wb15xx_cm4.o(.text)
    TIM1_UP_IRQHandler                       0x080001f7   Thumb Code     0  startup_stm32wb15xx_cm4.o(.text)
    TIM2_IRQHandler                          0x080001f7   Thumb Code     0  startup_stm32wb15xx_cm4.o(.text)
    TSC_IRQHandler                           0x080001f7   Thumb Code     0  startup_stm32wb15xx_cm4.o(.text)
    USART1_IRQHandler                        0x080001f7   Thumb Code     0  startup_stm32wb15xx_cm4.o(.text)
    WWDG_IRQHandler                          0x080001f7   Thumb Code     0  startup_stm32wb15xx_cm4.o(.text)
    __user_initial_stackheap                 0x080001f9   Thumb Code     0  startup_stm32wb15xx_cm4.o(.text)
    __aeabi_uldivmod                         0x0800021d   Thumb Code     0  lludivv7m.o(.text)
    _ll_udiv                                 0x0800021d   Thumb Code   238  lludivv7m.o(.text)
    __aeabi_memclr4                          0x0800030b   Thumb Code     0  rt_memclr_w.o(.text)
    __aeabi_memclr8                          0x0800030b   Thumb Code     0  rt_memclr_w.o(.text)
    __rt_memclr_w                            0x0800030b   Thumb Code    78  rt_memclr_w.o(.text)
    _memset_w                                0x0800030f   Thumb Code     0  rt_memclr_w.o(.text)
    __use_two_region_memory                  0x08000359   Thumb Code     2  heapauxi.o(.text)
    __rt_heap_escrow$2region                 0x0800035b   Thumb Code     2  heapauxi.o(.text)
    __rt_heap_expand$2region                 0x0800035d   Thumb Code     2  heapauxi.o(.text)
    __user_setup_stackheap                   0x0800035f   Thumb Code    74  sys_stackheap_outer.o(.text)
    exit                                     0x080003a9   Thumb Code    12  exit.o(.text)
    __user_libspace                          0x080003b5   Thumb Code     8  libspace.o(.text)
    __user_perproc_libspace                  0x080003b5   Thumb Code     0  libspace.o(.text)
    __user_perthread_libspace                0x080003b5   Thumb Code     0  libspace.o(.text)
    _sys_exit                                0x080003bd   Thumb Code     8  sys_exit.o(.text)
    __I$use$semihosting                      0x080003c9   Thumb Code     0  use_no_semi.o(.text)
    __use_no_semihosting_swi                 0x080003c9   Thumb Code     2  use_no_semi.o(.text)
    BusFault_Handler                         0x080003cb   Thumb Code     2  stm32wbxx_it.o(i.BusFault_Handler)
    __semihosting_library_function           0x080003cb   Thumb Code     0  indicate_semi.o(.text)
    DebugMon_Handler                         0x080003cd   Thumb Code     2  stm32wbxx_it.o(i.DebugMon_Handler)
    Error_Handler                            0x080003cf   Thumb Code     4  main.o(i.Error_Handler)
    HAL_Delay                                0x080003d5   Thumb Code    32  stm32wbxx_hal.o(i.HAL_Delay)
    HAL_GPIO_Init                            0x080003f9   Thumb Code   486  stm32wbxx_hal_gpio.o(i.HAL_GPIO_Init)
    HAL_GPIO_WritePin                        0x080005f5   Thumb Code    10  stm32wbxx_hal_gpio.o(i.HAL_GPIO_WritePin)
    HAL_GetTick                              0x08000601   Thumb Code     6  stm32wbxx_hal.o(i.HAL_GetTick)
    HAL_GetTickPrio                          0x0800060d   Thumb Code     6  stm32wbxx_hal.o(i.HAL_GetTickPrio)
    HAL_IncTick                              0x08000619   Thumb Code    12  stm32wbxx_hal.o(i.HAL_IncTick)
    HAL_Init                                 0x08000629   Thumb Code    40  stm32wbxx_hal.o(i.HAL_Init)
    HAL_InitTick                             0x08000655   Thumb Code    60  stm32wbxx_hal.o(i.HAL_InitTick)
    HAL_MspInit                              0x08000695   Thumb Code     2  stm32wbxx_hal_msp.o(i.HAL_MspInit)
    HAL_NVIC_SetPriority                     0x08000699   Thumb Code    60  stm32wbxx_hal_cortex.o(i.HAL_NVIC_SetPriority)
    HAL_NVIC_SetPriorityGrouping             0x080006d9   Thumb Code    26  stm32wbxx_hal_cortex.o(i.HAL_NVIC_SetPriorityGrouping)
    HAL_PWR_EnableBkUpAccess                 0x080006fd   Thumb Code    12  stm32wbxx_hal_pwr.o(i.HAL_PWR_EnableBkUpAccess)
    HAL_RCCEx_EnableMSIPLLMode               0x0800070d   Thumb Code    14  stm32wbxx_hal_rcc_ex.o(i.HAL_RCCEx_EnableMSIPLLMode)
    HAL_RCCEx_PeriphCLKConfig                0x0800071b   Thumb Code   410  stm32wbxx_hal_rcc_ex.o(i.HAL_RCCEx_PeriphCLKConfig)
    HAL_RCC_ClockConfig                      0x080008b5   Thumb Code   500  stm32wbxx_hal_rcc.o(i.HAL_RCC_ClockConfig)
    HAL_RCC_GetHCLKFreq                      0x08000ab1   Thumb Code    30  stm32wbxx_hal_rcc.o(i.HAL_RCC_GetHCLKFreq)
    HAL_RCC_GetPCLK1Freq                     0x08000ad5   Thumb Code    32  stm32wbxx_hal_rcc.o(i.HAL_RCC_GetPCLK1Freq)
    HAL_RCC_GetPCLK2Freq                     0x08000af9   Thumb Code    32  stm32wbxx_hal_rcc.o(i.HAL_RCC_GetPCLK2Freq)
    HAL_RCC_GetSysClockFreq                  0x08000b1d   Thumb Code   140  stm32wbxx_hal_rcc.o(i.HAL_RCC_GetSysClockFreq)
    HAL_RCC_OscConfig                        0x08000bb1   Thumb Code  1286  stm32wbxx_hal_rcc.o(i.HAL_RCC_OscConfig)
    HAL_SYSTICK_Config                       0x080010bd   Thumb Code    40  stm32wbxx_hal_cortex.o(i.HAL_SYSTICK_Config)
    HAL_TIMEx_MasterConfigSynchronization    0x080010e5   Thumb Code    94  stm32wbxx_hal_tim_ex.o(i.HAL_TIMEx_MasterConfigSynchronization)
    HAL_TIM_Base_Init                        0x08001149   Thumb Code    98  stm32wbxx_hal_tim.o(i.HAL_TIM_Base_Init)
    HAL_TIM_Base_MspInit                     0x080011ab   Thumb Code    32  tim.o(i.HAL_TIM_Base_MspInit)
    HAL_TIM_ConfigClockSource                0x080011cd   Thumb Code   220  stm32wbxx_hal_tim.o(i.HAL_TIM_ConfigClockSource)
    HAL_TIM_MspPostInit                      0x080012ad   Thumb Code    72  tim.o(i.HAL_TIM_MspPostInit)
    HAL_TIM_PWM_ConfigChannel                0x080012f5   Thumb Code   292  stm32wbxx_hal_tim.o(i.HAL_TIM_PWM_ConfigChannel)
    HAL_TIM_PWM_Init                         0x08001419   Thumb Code    98  stm32wbxx_hal_tim.o(i.HAL_TIM_PWM_Init)
    HAL_TIM_PWM_MspInit                      0x0800147b   Thumb Code     2  stm32wbxx_hal_tim.o(i.HAL_TIM_PWM_MspInit)
    HAL_TIM_PWM_Start                        0x0800147d   Thumb Code   174  stm32wbxx_hal_tim.o(i.HAL_TIM_PWM_Start)
    HAL_UARTEx_DisableFifoMode               0x08001535   Thumb Code    62  stm32wbxx_hal_uart_ex.o(i.HAL_UARTEx_DisableFifoMode)
    HAL_UARTEx_SetRxFifoThreshold            0x08001573   Thumb Code    76  stm32wbxx_hal_uart_ex.o(i.HAL_UARTEx_SetRxFifoThreshold)
    HAL_UARTEx_SetTxFifoThreshold            0x080015bf   Thumb Code    76  stm32wbxx_hal_uart_ex.o(i.HAL_UARTEx_SetTxFifoThreshold)
    HAL_UART_Init                            0x0800160b   Thumb Code   106  stm32wbxx_hal_uart.o(i.HAL_UART_Init)
    HAL_UART_MspInit                         0x08001675   Thumb Code   118  usart.o(i.HAL_UART_MspInit)
    HardFault_Handler                        0x080016f1   Thumb Code     2  stm32wbxx_it.o(i.HardFault_Handler)
    MX_GPIO_Init                             0x080017b5   Thumb Code   120  gpio.o(i.MX_GPIO_Init)
    MX_TIM2_Init                             0x08001835   Thumb Code   152  tim.o(i.MX_TIM2_Init)
    MX_USART1_UART_Init                      0x080018d1   Thumb Code    94  usart.o(i.MX_USART1_UART_Init)
    MemManage_Handler                        0x08001939   Thumb Code     2  stm32wbxx_it.o(i.MemManage_Handler)
    NMI_Handler                              0x0800193b   Thumb Code     2  stm32wbxx_it.o(i.NMI_Handler)
    PendSV_Handler                           0x0800193d   Thumb Code     2  stm32wbxx_it.o(i.PendSV_Handler)
    PeriphCommonClock_Config                 0x0800193f   Thumb Code    44  main.o(i.PeriphCommonClock_Config)
    SVC_Handler                              0x08001a15   Thumb Code     2  stm32wbxx_it.o(i.SVC_Handler)
    SysTick_Handler                          0x08001a17   Thumb Code     4  stm32wbxx_it.o(i.SysTick_Handler)
    SystemClock_Config                       0x08001a1b   Thumb Code   152  main.o(i.SystemClock_Config)
    SystemInit                               0x08001ab5   Thumb Code    78  system_stm32wbxx.o(i.SystemInit)
    TIM_Base_SetConfig                       0x08001b11   Thumb Code    74  stm32wbxx_hal_tim.o(i.TIM_Base_SetConfig)
    TIM_CCxChannelCmd                        0x08001b61   Thumb Code    26  stm32wbxx_hal_tim.o(i.TIM_CCxChannelCmd)
    TIM_ETR_SetConfig                        0x08001b7b   Thumb Code    20  stm32wbxx_hal_tim.o(i.TIM_ETR_SetConfig)
    TIM_OC2_SetConfig                        0x08001bfd   Thumb Code    88  stm32wbxx_hal_tim.o(i.TIM_OC2_SetConfig)
    UART_AdvFeatureConfig                    0x08001e25   Thumb Code   200  stm32wbxx_hal_uart.o(i.UART_AdvFeatureConfig)
    UART_CheckIdleState                      0x08001eed   Thumb Code   172  stm32wbxx_hal_uart.o(i.UART_CheckIdleState)
    UART_SetConfig                           0x08001fed   Thumb Code   478  stm32wbxx_hal_uart.o(i.UART_SetConfig)
    UART_WaitOnFlagUntilTimeout              0x080021e9   Thumb Code   140  stm32wbxx_hal_uart.o(i.UART_WaitOnFlagUntilTimeout)
    UsageFault_Handler                       0x08002275   Thumb Code     2  stm32wbxx_it.o(i.UsageFault_Handler)
    main                                     0x08002299   Thumb Code    64  main.o(i.main)
    _fp_init                                 0x080022dd   Thumb Code    10  fpinit.o(x$fpl$fpinit)
    __fplib_config_fpu_vfp                   0x080022e5   Thumb Code     0  fpinit.o(x$fpl$fpinit)
    __fplib_config_pureend_doubles           0x080022e5   Thumb Code     0  fpinit.o(x$fpl$fpinit)
    UARTPrescTable                           0x08002308   Data          24  stm32wbxx_hal_uart.o(.constdata)
    AHBPrescTable                            0x08002330   Data          64  system_stm32wbxx.o(.constdata)
    MSIRangeTable                            0x08002370   Data          64  system_stm32wbxx.o(.constdata)
    APBPrescTable                            0x080023b0   Data          32  system_stm32wbxx.o(.constdata)
    Region$$Table$$Base                      0x080023d0   Number         0  anon$$obj.o(Region$$Table)
    Region$$Table$$Limit                     0x080023f0   Number         0  anon$$obj.o(Region$$Table)
    uwTickFreq                               0x20000008   Data           1  stm32wbxx_hal.o(.data)
    uwTickPrio                               0x2000000c   Data           4  stm32wbxx_hal.o(.data)
    uwTick                                   0x20000010   Data           4  stm32wbxx_hal.o(.data)
    SystemCoreClock                          0x20000014   Data           4  system_stm32wbxx.o(.data)
    htim2                                    0x20000018   Data          76  tim.o(.bss)
    huart1                                   0x20000064   Data         148  usart.o(.bss)
    __libspace_start                         0x200000f8   Data          96  libspace.o(.bss)
    __temporary_stack_top$libspace           0x20000158   Data           0  libspace.o(.bss)



==============================================================================

Memory Map of the image

  Image Entry point : 0x0800013d

  Load Region LR_IROM1 (Base: 0x08000000, Size: 0x00002400, Max: 0x0001b800, ABSOLUTE)

    Execution Region ER_IROM1 (Base: 0x08000000, Size: 0x000023f0, Max: 0x0001b800, ABSOLUTE)

    Base Addr    Size         Type   Attr      Idx    E Section Name        Object

    0x08000000   0x0000013c   Data   RO            3    RESET               startup_stm32wb15xx_cm4.o
    0x0800013c   0x00000008   Code   RO         3654  * !!!main             c_w.l(__main.o)
    0x08000144   0x00000034   Code   RO         3820    !!!scatter          c_w.l(__scatter.o)
    0x08000178   0x0000001a   Code   RO         3822    !!handler_copy      c_w.l(__scatter_copy.o)
    0x08000192   0x00000002   PAD
    0x08000194   0x0000001c   Code   RO         3824    !!handler_zi        c_w.l(__scatter_zi.o)
    0x080001b0   0x00000002   Code   RO         3691    .ARM.Collect$$libinit$$00000000  c_w.l(libinit.o)
    0x080001b2   0x00000004   Code   RO         3703    .ARM.Collect$$libinit$$00000001  c_w.l(libinit2.o)
    0x080001b6   0x00000000   Code   RO         3706    .ARM.Collect$$libinit$$00000004  c_w.l(libinit2.o)
    0x080001b6   0x00000000   Code   RO         3709    .ARM.Collect$$libinit$$0000000A  c_w.l(libinit2.o)
    0x080001b6   0x00000000   Code   RO         3711    .ARM.Collect$$libinit$$0000000C  c_w.l(libinit2.o)
    0x080001b6   0x00000000   Code   RO         3713    .ARM.Collect$$libinit$$0000000E  c_w.l(libinit2.o)
    0x080001b6   0x00000000   Code   RO         3716    .ARM.Collect$$libinit$$00000011  c_w.l(libinit2.o)
    0x080001b6   0x00000000   Code   RO         3718    .ARM.Collect$$libinit$$00000013  c_w.l(libinit2.o)
    0x080001b6   0x00000000   Code   RO         3720    .ARM.Collect$$libinit$$00000015  c_w.l(libinit2.o)
    0x080001b6   0x00000000   Code   RO         3722    .ARM.Collect$$libinit$$00000017  c_w.l(libinit2.o)
    0x080001b6   0x00000000   Code   RO         3724    .ARM.Collect$$libinit$$00000019  c_w.l(libinit2.o)
    0x080001b6   0x00000000   Code   RO         3726    .ARM.Collect$$libinit$$0000001B  c_w.l(libinit2.o)
    0x080001b6   0x00000000   Code   RO         3728    .ARM.Collect$$libinit$$0000001D  c_w.l(libinit2.o)
    0x080001b6   0x00000000   Code   RO         3730    .ARM.Collect$$libinit$$0000001F  c_w.l(libinit2.o)
    0x080001b6   0x00000000   Code   RO         3732    .ARM.Collect$$libinit$$00000021  c_w.l(libinit2.o)
    0x080001b6   0x00000000   Code   RO         3734    .ARM.Collect$$libinit$$00000023  c_w.l(libinit2.o)
    0x080001b6   0x00000000   Code   RO         3736    .ARM.Collect$$libinit$$00000025  c_w.l(libinit2.o)
    0x080001b6   0x00000000   Code   RO         3740    .ARM.Collect$$libinit$$0000002C  c_w.l(libinit2.o)
    0x080001b6   0x00000000   Code   RO         3742    .ARM.Collect$$libinit$$0000002E  c_w.l(libinit2.o)
    0x080001b6   0x00000000   Code   RO         3744    .ARM.Collect$$libinit$$00000030  c_w.l(libinit2.o)
    0x080001b6   0x00000000   Code   RO         3746    .ARM.Collect$$libinit$$00000032  c_w.l(libinit2.o)
    0x080001b6   0x00000002   Code   RO         3747    .ARM.Collect$$libinit$$00000033  c_w.l(libinit2.o)
    0x080001b8   0x00000002   Code   RO         3778    .ARM.Collect$$libshutdown$$00000000  c_w.l(libshutdown.o)
    0x080001ba   0x00000000   Code   RO         3805    .ARM.Collect$$libshutdown$$00000003  c_w.l(libshutdown2.o)
    0x080001ba   0x00000000   Code   RO         3808    .ARM.Collect$$libshutdown$$00000006  c_w.l(libshutdown2.o)
    0x080001ba   0x00000000   Code   RO         3811    .ARM.Collect$$libshutdown$$00000009  c_w.l(libshutdown2.o)
    0x080001ba   0x00000000   Code   RO         3813    .ARM.Collect$$libshutdown$$0000000B  c_w.l(libshutdown2.o)
    0x080001ba   0x00000000   Code   RO         3816    .ARM.Collect$$libshutdown$$0000000E  c_w.l(libshutdown2.o)
    0x080001ba   0x00000002   Code   RO         3817    .ARM.Collect$$libshutdown$$0000000F  c_w.l(libshutdown2.o)
    0x080001bc   0x00000000   Code   RO         3656    .ARM.Collect$$rtentry$$00000000  c_w.l(__rtentry.o)
    0x080001bc   0x00000000   Code   RO         3662    .ARM.Collect$$rtentry$$00000002  c_w.l(__rtentry2.o)
    0x080001bc   0x00000006   Code   RO         3674    .ARM.Collect$$rtentry$$00000004  c_w.l(__rtentry4.o)
    0x080001c2   0x00000000   Code   RO         3664    .ARM.Collect$$rtentry$$00000009  c_w.l(__rtentry2.o)
    0x080001c2   0x00000004   Code   RO         3665    .ARM.Collect$$rtentry$$0000000A  c_w.l(__rtentry2.o)
    0x080001c6   0x00000000   Code   RO         3667    .ARM.Collect$$rtentry$$0000000C  c_w.l(__rtentry2.o)
    0x080001c6   0x00000008   Code   RO         3668    .ARM.Collect$$rtentry$$0000000D  c_w.l(__rtentry2.o)
    0x080001ce   0x00000002   Code   RO         3695    .ARM.Collect$$rtexit$$00000000  c_w.l(rtexit.o)
    0x080001d0   0x00000000   Code   RO         3751    .ARM.Collect$$rtexit$$00000002  c_w.l(rtexit2.o)
    0x080001d0   0x00000004   Code   RO         3752    .ARM.Collect$$rtexit$$00000003  c_w.l(rtexit2.o)
    0x080001d4   0x00000006   Code   RO         3753    .ARM.Collect$$rtexit$$00000004  c_w.l(rtexit2.o)
    0x080001da   0x00000002   PAD
    0x080001dc   0x00000040   Code   RO            4    .text               startup_stm32wb15xx_cm4.o
    0x0800021c   0x000000ee   Code   RO         3648    .text               c_w.l(lludivv7m.o)
    0x0800030a   0x0000004e   Code   RO         3650    .text               c_w.l(rt_memclr_w.o)
    0x08000358   0x00000006   Code   RO         3652    .text               c_w.l(heapauxi.o)
    0x0800035e   0x0000004a   Code   RO         3678    .text               c_w.l(sys_stackheap_outer.o)
    0x080003a8   0x0000000c   Code   RO         3680    .text               c_w.l(exit.o)
    0x080003b4   0x00000008   Code   RO         3692    .text               c_w.l(libspace.o)
    0x080003bc   0x0000000c   Code   RO         3748    .text               c_w.l(sys_exit.o)
    0x080003c8   0x00000002   Code   RO         3767    .text               c_w.l(use_no_semi.o)
    0x080003ca   0x00000000   Code   RO         3769    .text               c_w.l(indicate_semi.o)
    0x080003ca   0x00000002   Code   RO          319    i.BusFault_Handler  stm32wbxx_it.o
    0x080003cc   0x00000002   Code   RO          320    i.DebugMon_Handler  stm32wbxx_it.o
    0x080003ce   0x00000004   Code   RO           13    i.Error_Handler     main.o
    0x080003d2   0x00000002   PAD
    0x080003d4   0x00000024   Code   RO         2776    i.HAL_Delay         stm32wbxx_hal.o
    0x080003f8   0x000001fc   Code   RO         2007    i.HAL_GPIO_Init     stm32wbxx_hal_gpio.o
    0x080005f4   0x0000000a   Code   RO         2012    i.HAL_GPIO_WritePin  stm32wbxx_hal_gpio.o
    0x080005fe   0x00000002   PAD
    0x08000600   0x0000000c   Code   RO         2780    i.HAL_GetTick       stm32wbxx_hal.o
    0x0800060c   0x0000000c   Code   RO         2782    i.HAL_GetTickPrio   stm32wbxx_hal.o
    0x08000618   0x00000010   Code   RO         2786    i.HAL_IncTick       stm32wbxx_hal.o
    0x08000628   0x0000002c   Code   RO         2787    i.HAL_Init          stm32wbxx_hal.o
    0x08000654   0x00000040   Code   RO         2788    i.HAL_InitTick      stm32wbxx_hal.o
    0x08000694   0x00000002   Code   RO          394    i.HAL_MspInit       stm32wbxx_hal_msp.o
    0x08000696   0x00000002   PAD
    0x08000698   0x00000040   Code   RO         2650    i.HAL_NVIC_SetPriority  stm32wbxx_hal_cortex.o
    0x080006d8   0x00000024   Code   RO         2651    i.HAL_NVIC_SetPriorityGrouping  stm32wbxx_hal_cortex.o
    0x080006fc   0x00000010   Code   RO         2254    i.HAL_PWR_EnableBkUpAccess  stm32wbxx_hal_pwr.o
    0x0800070c   0x0000000e   Code   RO         1608    i.HAL_RCCEx_EnableMSIPLLMode  stm32wbxx_hal_rcc_ex.o
    0x0800071a   0x0000019a   Code   RO         1615    i.HAL_RCCEx_PeriphCLKConfig  stm32wbxx_hal_rcc_ex.o
    0x080008b4   0x000001fc   Code   RO         1432    i.HAL_RCC_ClockConfig  stm32wbxx_hal_rcc.o
    0x08000ab0   0x00000024   Code   RO         1438    i.HAL_RCC_GetHCLKFreq  stm32wbxx_hal_rcc.o
    0x08000ad4   0x00000024   Code   RO         1440    i.HAL_RCC_GetPCLK1Freq  stm32wbxx_hal_rcc.o
    0x08000af8   0x00000024   Code   RO         1441    i.HAL_RCC_GetPCLK2Freq  stm32wbxx_hal_rcc.o
    0x08000b1c   0x00000094   Code   RO         1443    i.HAL_RCC_GetSysClockFreq  stm32wbxx_hal_rcc.o
    0x08000bb0   0x0000050c   Code   RO         1446    i.HAL_RCC_OscConfig  stm32wbxx_hal_rcc.o
    0x080010bc   0x00000028   Code   RO         2655    i.HAL_SYSTICK_Config  stm32wbxx_hal_cortex.o
    0x080010e4   0x00000064   Code   RO         1157    i.HAL_TIMEx_MasterConfigSynchronization  stm32wbxx_hal_tim_ex.o
    0x08001148   0x00000062   Code   RO          420    i.HAL_TIM_Base_Init  stm32wbxx_hal_tim.o
    0x080011aa   0x00000020   Code   RO          224    i.HAL_TIM_Base_MspInit  tim.o
    0x080011ca   0x00000002   PAD
    0x080011cc   0x000000e0   Code   RO          429    i.HAL_TIM_ConfigClockSource  stm32wbxx_hal_tim.o
    0x080012ac   0x00000048   Code   RO          225    i.HAL_TIM_MspPostInit  tim.o
    0x080012f4   0x00000124   Code   RO          492    i.HAL_TIM_PWM_ConfigChannel  stm32wbxx_hal_tim.o
    0x08001418   0x00000062   Code   RO          495    i.HAL_TIM_PWM_Init  stm32wbxx_hal_tim.o
    0x0800147a   0x00000002   Code   RO          497    i.HAL_TIM_PWM_MspInit  stm32wbxx_hal_tim.o
    0x0800147c   0x000000b8   Code   RO          500    i.HAL_TIM_PWM_Start  stm32wbxx_hal_tim.o
    0x08001534   0x0000003e   Code   RO         3492    i.HAL_UARTEx_DisableFifoMode  stm32wbxx_hal_uart_ex.o
    0x08001572   0x0000004c   Code   RO         3501    i.HAL_UARTEx_SetRxFifoThreshold  stm32wbxx_hal_uart_ex.o
    0x080015be   0x0000004c   Code   RO         3502    i.HAL_UARTEx_SetTxFifoThreshold  stm32wbxx_hal_uart_ex.o
    0x0800160a   0x0000006a   Code   RO         3098    i.HAL_UART_Init     stm32wbxx_hal_uart.o
    0x08001674   0x0000007c   Code   RO          275    i.HAL_UART_MspInit  usart.o
    0x080016f0   0x00000002   Code   RO          321    i.HardFault_Handler  stm32wbxx_it.o
    0x080016f2   0x00000014   Code   RO          188    i.LL_AHB2_GRP1_EnableClock  gpio.o
    0x08001706   0x0000000c   Code   RO         1448    i.LL_RCC_GetSysClkSource  stm32wbxx_hal_rcc.o
    0x08001712   0x00000012   Code   RO         1449    i.LL_RCC_HSI_SetCalibTrimming  stm32wbxx_hal_rcc.o
    0x08001724   0x0000000e   Code   RO         1624    i.LL_RCC_LSE_IsReady  stm32wbxx_hal_rcc_ex.o
    0x08001732   0x0000000e   Code   RO         1450    i.LL_RCC_LSI1_IsReady  stm32wbxx_hal_rcc.o
    0x08001740   0x00000012   Code   RO         1451    i.LL_RCC_MSI_GetRange  stm32wbxx_hal_rcc.o
    0x08001752   0x0000000c   Code   RO         1452    i.LL_RCC_MSI_IsReady  stm32wbxx_hal_rcc.o
    0x0800175e   0x00000012   Code   RO         1453    i.LL_RCC_MSI_SetCalibTrimming  stm32wbxx_hal_rcc.o
    0x08001770   0x00000010   Code   RO         1454    i.LL_RCC_MSI_SetRange  stm32wbxx_hal_rcc.o
    0x08001780   0x0000000c   Code   RO         1455    i.LL_RCC_PLL_GetMainSource  stm32wbxx_hal_rcc.o
    0x0800178c   0x00000016   Code   RO         1628    i.LL_RCC_SetLPTIMClockSource  stm32wbxx_hal_rcc_ex.o
    0x080017a2   0x00000012   Code   RO         1629    i.LL_RCC_SetRNGClockSource  stm32wbxx_hal_rcc_ex.o
    0x080017b4   0x00000080   Code   RO          189    i.MX_GPIO_Init      gpio.o
    0x08001834   0x0000009c   Code   RO          226    i.MX_TIM2_Init      tim.o
    0x080018d0   0x00000068   Code   RO          276    i.MX_USART1_UART_Init  usart.o
    0x08001938   0x00000002   Code   RO          322    i.MemManage_Handler  stm32wbxx_it.o
    0x0800193a   0x00000002   Code   RO          323    i.NMI_Handler       stm32wbxx_it.o
    0x0800193c   0x00000002   Code   RO          324    i.PendSV_Handler    stm32wbxx_it.o
    0x0800193e   0x0000002c   Code   RO           14    i.PeriphCommonClock_Config  main.o
    0x0800196a   0x00000002   PAD
    0x0800196c   0x000000a8   Code   RO         1456    i.RCC_SetFlashLatencyFromMSIRange  stm32wbxx_hal_rcc.o
    0x08001a14   0x00000002   Code   RO          325    i.SVC_Handler       stm32wbxx_it.o
    0x08001a16   0x00000004   Code   RO          326    i.SysTick_Handler   stm32wbxx_it.o
    0x08001a1a   0x00000098   Code   RO           15    i.SystemClock_Config  main.o
    0x08001ab2   0x00000002   PAD
    0x08001ab4   0x0000005c   Code   RO         3611    i.SystemInit        system_stm32wbxx.o
    0x08001b10   0x00000050   Code   RO          513    i.TIM_Base_SetConfig  stm32wbxx_hal_tim.o
    0x08001b60   0x0000001a   Code   RO          514    i.TIM_CCxChannelCmd  stm32wbxx_hal_tim.o
    0x08001b7a   0x00000014   Code   RO          524    i.TIM_ETR_SetConfig  stm32wbxx_hal_tim.o
    0x08001b8e   0x00000002   PAD
    0x08001b90   0x00000014   Code   RO          525    i.TIM_ITRx_SetConfig  stm32wbxx_hal_tim.o
    0x08001ba4   0x00000058   Code   RO          526    i.TIM_OC1_SetConfig  stm32wbxx_hal_tim.o
    0x08001bfc   0x00000060   Code   RO          527    i.TIM_OC2_SetConfig  stm32wbxx_hal_tim.o
    0x08001c5c   0x00000060   Code   RO          528    i.TIM_OC3_SetConfig  stm32wbxx_hal_tim.o
    0x08001cbc   0x0000004c   Code   RO          529    i.TIM_OC4_SetConfig  stm32wbxx_hal_tim.o
    0x08001d08   0x00000048   Code   RO          530    i.TIM_OC5_SetConfig  stm32wbxx_hal_tim.o
    0x08001d50   0x00000048   Code   RO          531    i.TIM_OC6_SetConfig  stm32wbxx_hal_tim.o
    0x08001d98   0x00000022   Code   RO          533    i.TIM_TI1_ConfigInputStage  stm32wbxx_hal_tim.o
    0x08001dba   0x00000024   Code   RO          535    i.TIM_TI2_ConfigInputStage  stm32wbxx_hal_tim.o
    0x08001dde   0x00000002   PAD
    0x08001de0   0x00000044   Code   RO         3506    i.UARTEx_SetNbDataToProcess  stm32wbxx_hal_uart_ex.o
    0x08001e24   0x000000c8   Code   RO         3112    i.UART_AdvFeatureConfig  stm32wbxx_hal_uart.o
    0x08001eec   0x000000ac   Code   RO         3113    i.UART_CheckIdleState  stm32wbxx_hal_uart.o
    0x08001f98   0x00000054   Code   RO         3124    i.UART_EndRxTransfer  stm32wbxx_hal_uart.o
    0x08001fec   0x000001fc   Code   RO         3130    i.UART_SetConfig    stm32wbxx_hal_uart.o
    0x080021e8   0x0000008c   Code   RO         3137    i.UART_WaitOnFlagUntilTimeout  stm32wbxx_hal_uart.o
    0x08002274   0x00000002   Code   RO          327    i.UsageFault_Handler  stm32wbxx_it.o
    0x08002276   0x00000020   Code   RO         2657    i.__NVIC_SetPriority  stm32wbxx_hal_cortex.o
    0x08002296   0x00000002   PAD
    0x08002298   0x00000044   Code   RO           16    i.main              main.o
    0x080022dc   0x0000000a   Code   RO         3763    x$fpl$fpinit        fz_wm.l(fpinit.o)
    0x080022e6   0x00000002   PAD
    0x080022e8   0x00000020   Data   RO         1457    .constdata          stm32wbxx_hal_rcc.o
    0x08002308   0x00000018   Data   RO         3138    .constdata          stm32wbxx_hal_uart.o
    0x08002320   0x00000010   Data   RO         3507    .constdata          stm32wbxx_hal_uart_ex.o
    0x08002330   0x00000080   Data   RO         3612    .constdata          system_stm32wbxx.o
    0x080023b0   0x00000020   Data   RO         3613    .constdata          system_stm32wbxx.o
    0x080023d0   0x00000020   Data   RO         3818    Region$$Table       anon$$obj.o


    Execution Region RW_IRAM1 (Base: 0x20000008, Size: 0x00000750, Max: 0x00002ff8, ABSOLUTE)

    Base Addr    Size         Type   Attr      Idx    E Section Name        Object

    0x20000008   0x0000000c   Data   RW         2802    .data               stm32wbxx_hal.o
    0x20000014   0x00000004   Data   RW         3615    .data               system_stm32wbxx.o
    0x20000018   0x0000004c   Zero   RW          227    .bss                tim.o
    0x20000064   0x00000094   Zero   RW          277    .bss                usart.o
    0x200000f8   0x00000060   Zero   RW         3693    .bss                c_w.l(libspace.o)
    0x20000158   0x00000200   Zero   RW            2    HEAP                startup_stm32wb15xx_cm4.o
    0x20000358   0x00000400   Zero   RW            1    STACK               startup_stm32wb15xx_cm4.o


    Execution Region RW_RAM_SHARED (Base: 0x20030000, Size: 0x00000000, Max: 0x00002800, ABSOLUTE)

    **** No section assigned to this execution region ****


==============================================================================

Image component sizes


      Code (inc. data)   RO Data    RW Data    ZI Data      Debug   Object Name

       148          8          0          0          0       9267   gpio.o
       268          4          0          0          0     573122   main.o
        64         26        316          0       1536        844   startup_stm32wb15xx_cm4.o
       184         28          0         12          0      14071   stm32wbxx_hal.o
       172         14          0          0          0      32806   stm32wbxx_hal_cortex.o
       518         22          0          0          0       1972   stm32wbxx_hal_gpio.o
         2          0          0          0          0        458   stm32wbxx_hal_msp.o
        16          4          0          0          0        539   stm32wbxx_hal_pwr.o
      2344         74         32          0          0      37272   stm32wbxx_hal_rcc.o
       478          0          0          0          0      27681   stm32wbxx_hal_rcc_ex.o
      1614         78          0          0          0      13136   stm32wbxx_hal_tim.o
       100          6          0          0          0       1512   stm32wbxx_hal_tim_ex.o
      1210         36         24          0          0      47738   stm32wbxx_hal_uart.o
       282          6         16          0          0       3397   stm32wbxx_hal_uart_ex.o
        20          0          0          0          0       4106   stm32wbxx_it.o
        92         14        160          4          0       1268   system_stm32wbxx.o
       260          4          0          0         76      10648   tim.o
       228         16          0          0        148      10046   usart.o

    ----------------------------------------------------------------------
      8018        340        580         16       1760     789883   Object Totals
         0          0         32          0          0          0   (incl. Generated)
        18          0          0          0          0          0   (incl. Padding)

    ----------------------------------------------------------------------

      Code (inc. data)   RO Data    RW Data    ZI Data      Debug   Library Member Name

         8          0          0          0          0         68   __main.o
         0          0          0          0          0          0   __rtentry.o
        12          0          0          0          0          0   __rtentry2.o
         6          0          0          0          0          0   __rtentry4.o
        52          8          0          0          0          0   __scatter.o
        26          0          0          0          0          0   __scatter_copy.o
        28          0          0          0          0          0   __scatter_zi.o
        12          0          0          0          0         72   exit.o
         6          0          0          0          0        152   heapauxi.o
         0          0          0          0          0          0   indicate_semi.o
         2          0          0          0          0          0   libinit.o
         6          0          0          0          0          0   libinit2.o
         2          0          0          0          0          0   libshutdown.o
         2          0          0          0          0          0   libshutdown2.o
         8          4          0          0         96         68   libspace.o
       238          0          0          0          0        100   lludivv7m.o
        78          0          0          0          0         80   rt_memclr_w.o
         2          0          0          0          0          0   rtexit.o
        10          0          0          0          0          0   rtexit2.o
        12          4          0          0          0         68   sys_exit.o
        74          0          0          0          0         80   sys_stackheap_outer.o
         2          0          0          0          0         68   use_no_semi.o
        10          0          0          0          0        116   fpinit.o

    ----------------------------------------------------------------------
       602         16          0          0         96        872   Library Totals
         6          0          0          0          0          0   (incl. Padding)

    ----------------------------------------------------------------------

      Code (inc. data)   RO Data    RW Data    ZI Data      Debug   Library Name

       586         16          0          0         96        756   c_w.l
        10          0          0          0          0        116   fz_wm.l

    ----------------------------------------------------------------------
       602         16          0          0         96        872   Library Totals

    ----------------------------------------------------------------------

==============================================================================


      Code (inc. data)   RO Data    RW Data    ZI Data      Debug   

      8620        356        580         16       1856     782895   Grand Totals
      8620        356        580         16       1856     782895   ELF Image Totals
      8620        356        580         16          0          0   ROM Totals

==============================================================================

    Total RO  Size (Code + RO Data)                 9200 (   8.98kB)
    Total RW  Size (RW Data + ZI Data)              1872 (   1.83kB)
    Total ROM Size (Code + RO Data + RW Data)       9216 (   9.00kB)

==============================================================================

